15:22:25 **** Build of project Traffic_Light_bsp ****
make -k all 
"Running Make include in microblaze_0/libsrc/bram_v4_0/src"
make -C microblaze_0/libsrc/bram_v4_0/src -s include  "SHELL=CMD" "COMPILER=mb-gcc" "ARCHIVER=mb-ar" "COMPILER_FLAGS= -O2 -c -mcpu=v9.5 -mlittle-endian -mxl-soft-mul" "EXTRA_COMPILER_FLAGS=-g"
"Running Make include in microblaze_0/libsrc/cpu_v2_3/src"
make -C microblaze_0/libsrc/cpu_v2_3/src -s include  "SHELL=CMD" "COMPILER=mb-gcc" "ARCHIVER=mb-ar" "COMPILER_FLAGS= -O2 -c -mcpu=v9.5 -mlittle-endian -mxl-soft-mul" "EXTRA_COMPILER_FLAGS=-g"
"Running Make include in microblaze_0/libsrc/gpio_v4_0/src"
make -C microblaze_0/libsrc/gpio_v4_0/src -s include  "SHELL=CMD" "COMPILER=mb-gcc" "ARCHIVER=mb-ar" "COMPILER_FLAGS= -O2 -c -mcpu=v9.5 -mlittle-endian -mxl-soft-mul" "EXTRA_COMPILER_FLAGS=-g"
"Running Make include in microblaze_0/libsrc/intc_v3_4/src"
make -C microblaze_0/libsrc/intc_v3_4/src -s include  "SHELL=CMD" "COMPILER=mb-gcc" "ARCHIVER=mb-ar" "COMPILER_FLAGS= -O2 -c -mcpu=v9.5 -mlittle-endian -mxl-soft-mul" "EXTRA_COMPILER_FLAGS=-g"
"Running Make include in microblaze_0/libsrc/standalone_v5_2/src"
make -C microblaze_0/libsrc/standalone_v5_2/src -s include  "SHELL=CMD" "COMPILER=mb-gcc" "ARCHIVER=mb-ar" "COMPILER_FLAGS= -O2 -c -mcpu=v9.5 -mlittle-endian -mxl-soft-mul" "EXTRA_COMPILER_FLAGS=-g"
"Running Make include in microblaze_0/libsrc/uartlite_v3_1/src"
make -C microblaze_0/libsrc/uartlite_v3_1/src -s include  "SHELL=CMD" "COMPILER=mb-gcc" "ARCHIVER=mb-ar" "COMPILER_FLAGS= -O2 -c -mcpu=v9.5 -mlittle-endian -mxl-soft-mul" "EXTRA_COMPILER_FLAGS=-g"
"Running Make libs in microblaze_0/libsrc/bram_v4_0/src"
make -C microblaze_0/libsrc/bram_v4_0/src -s libs  "SHELL=CMD" "COMPILER=mb-gcc" "ARCHIVER=mb-ar" "COMPILER_FLAGS= -O2 -c -mcpu=v9.5 -mlittle-endian -mxl-soft-mul" "EXTRA_COMPILER_FLAGS=-g"
"Compiling bram"
mb-ar: creating ../../../lib/libxil.a
"Running Make libs in microblaze_0/libsrc/cpu_v2_3/src"
make -C microblaze_0/libsrc/cpu_v2_3/src -s libs  "SHELL=CMD" "COMPILER=mb-gcc" "ARCHIVER=mb-ar" "COMPILER_FLAGS= -O2 -c -mcpu=v9.5 -mlittle-endian -mxl-soft-mul" "EXTRA_COMPILER_FLAGS=-g"
"Compiling cpu"
"Running Make libs in microblaze_0/libsrc/gpio_v4_0/src"
make -C microblaze_0/libsrc/gpio_v4_0/src -s libs  "SHELL=CMD" "COMPILER=mb-gcc" "ARCHIVER=mb-ar" "COMPILER_FLAGS= -O2 -c -mcpu=v9.5 -mlittle-endian -mxl-soft-mul" "EXTRA_COMPILER_FLAGS=-g"
"Compiling gpio"
"Running Make libs in microblaze_0/libsrc/intc_v3_4/src"
make -C microblaze_0/libsrc/intc_v3_4/src -s libs  "SHELL=CMD" "COMPILER=mb-gcc" "ARCHIVER=mb-ar" "COMPILER_FLAGS= -O2 -c -mcpu=v9.5 -mlittle-endian -mxl-soft-mul" "EXTRA_COMPILER_FLAGS=-g"
"Compiling intc"
"Running Make libs in microblaze_0/libsrc/standalone_v5_2/src"
make -C microblaze_0/libsrc/standalone_v5_2/src -s libs  "SHELL=CMD" "COMPILER=mb-gcc" "ARCHIVER=mb-ar" "COMPILER_FLAGS= -O2 -c -mcpu=v9.5 -mlittle-endian -mxl-soft-mul" "EXTRA_COMPILER_FLAGS=-g"
"Compiling standalone";
"Running Make libs in microblaze_0/libsrc/uartlite_v3_1/src"
make -C microblaze_0/libsrc/uartlite_v3_1/src -s libs  "SHELL=CMD" "COMPILER=mb-gcc" "ARCHIVER=mb-ar" "COMPILER_FLAGS= -O2 -c -mcpu=v9.5 -mlittle-endian -mxl-soft-mul" "EXTRA_COMPILER_FLAGS=-g"
"Compiling uartlite"
'Finished building libraries'
15:22:31 **** Build of configuration Debug for project Traffic_Light ****
make all 
Building file: ../src/helloworld.c
Invoking: MicroBlaze gcc compiler
mb-gcc -Wall -O0 -g3 -c -fmessage-length=0 -MT"src/helloworld.o" -I../../Traffic_Light_bsp/microblaze_0/include -mlittle-endian -mcpu=v9.5 -mxl-soft-mul -Wl,--no-relax -MMD -MP -MF"src/helloworld.d" -MT"src/helloworld.d" -o "src/helloworld.o" "../src/helloworld.c"
Finished building: ../src/helloworld.c
 
Building file: ../src/platform.c
Invoking: MicroBlaze gcc compiler
mb-gcc -Wall -O0 -g3 -c -fmessage-length=0 -MT"src/platform.o" -I../../Traffic_Light_bsp/microblaze_0/include -mlittle-endian -mcpu=v9.5 -mxl-soft-mul -Wl,--no-relax -MMD -MP -MF"src/platform.d" -MT"src/platform.d" -o "src/platform.o" "../src/platform.c"
Finished building: ../src/platform.c
 
Building target: Traffic_Light.elf
Invoking: MicroBlaze gcc linker
mb-gcc -Wl,-T -Wl,../src/lscript.ld -L../../Traffic_Light_bsp/microblaze_0/lib -mlittle-endian -mcpu=v9.5 -mxl-soft-mul -Wl,--no-relax -o "Traffic_Light.elf"  ./src/helloworld.o ./src/platform.o   -Wl,--start-group,-lxil,-lgcc,-lc,--end-group
Finished building target: Traffic_Light.elf
 
Invoking: MicroBlaze Print Size
mb-size Traffic_Light.elf  |tee "Traffic_Light.elf.size"
   text	   data	    bss	    dec	    hex	filename
   8144	    328	   2224	  10696	   29c8	Traffic_Light.elf
Finished building: Traffic_Light.elf.size
 
15:22:56 **** Auto Build of configuration Debug for project Traffic_Light ****
make all 
Building file: ../src/helloworld.c
Invoking: MicroBlaze gcc compiler
mb-gcc -Wall -O0 -g3 -c -fmessage-length=0 -MT"src/helloworld.o" -I../../Traffic_Light_bsp/microblaze_0/include -mlittle-endian -mcpu=v9.5 -mxl-soft-mul -Wl,--no-relax -MMD -MP -MF"src/helloworld.d" -MT"src/helloworld.d" -o "src/helloworld.o" "../src/helloworld.c"
Finished building: ../src/helloworld.c
 
Building target: Traffic_Light.elf
Invoking: MicroBlaze gcc linker
mb-gcc -Wl,-T -Wl,../src/lscript.ld -L../../Traffic_Light_bsp/microblaze_0/lib -mlittle-endian -mcpu=v9.5 -mxl-soft-mul -Wl,--no-relax -o "Traffic_Light.elf"  ./src/helloworld.o ./src/platform.o   -Wl,--start-group,-lxil,-lgcc,-lc,--end-group
Finished building target: Traffic_Light.elf
 
Invoking: MicroBlaze Print Size
mb-size Traffic_Light.elf  |tee "Traffic_Light.elf.size"
   text	   data	    bss	    dec	    hex	filename
   8108	    328	   2228	  10664	   29a8	Traffic_Light.elf
Finished building: Traffic_Light.elf.size
 
15:23:00 **** Incremental Build of configuration Debug for project Traffic_Light ****
make all 
make: Nothing to be done for `all'.
15:23:29 **** Incremental Build of configuration Debug for project Traffic_Light ****
make all 
make: Nothing to be done for `all'.
15:24:00 **** Clean-only build of configuration Debug for project Traffic_Light ****
make clean 
rm -rf  ./src/helloworld.o ./src/platform.o  ./src/helloworld.d ./src/platform.d  Traffic_Light.elf.size  Traffic_Light.elf
 
15:24:00 **** Auto Build of configuration Debug for project Traffic_Light ****
make all 
Building file: ../src/main.c
Invoking: MicroBlaze gcc compiler
mb-gcc -Wall -O0 -g3 -c -fmessage-length=0 -MT"src/main.o" -I../../Traffic_Light_bsp/microblaze_0/include -mlittle-endian -mcpu=v9.5 -mxl-soft-mul -Wl,--no-relax -MMD -MP -MF"src/main.d" -MT"src/main.d" -o "src/main.o" "../src/main.c"
Finished building: ../src/main.c
 
Building file: ../src/platform.c
Invoking: MicroBlaze gcc compiler
mb-gcc -Wall -O0 -g3 -c -fmessage-length=0 -MT"src/platform.o" -I../../Traffic_Light_bsp/microblaze_0/include -mlittle-endian -mcpu=v9.5 -mxl-soft-mul -Wl,--no-relax -MMD -MP -MF"src/platform.d" -MT"src/platform.d" -o "src/platform.o" "../src/platform.c"
Finished building: ../src/platform.c
 
Building target: Traffic_Light.elf
Invoking: MicroBlaze gcc linker
mb-gcc -Wl,-T -Wl,../src/lscript.ld -L../../Traffic_Light_bsp/microblaze_0/lib -mlittle-endian -mcpu=v9.5 -mxl-soft-mul -Wl,--no-relax -o "Traffic_Light.elf"  ./src/main.o ./src/platform.o   -Wl,--start-group,-lxil,-lgcc,-lc,--end-group
Finished building target: Traffic_Light.elf
 
Invoking: MicroBlaze Print Size
mb-size Traffic_Light.elf  |tee "Traffic_Light.elf.size"
   text	   data	    bss	    dec	    hex	filename
   8108	    328	   2228	  10664	   29a8	Traffic_Light.elf
Finished building: Traffic_Light.elf.size
 
15:24:17 **** Auto Build of configuration Debug for project Traffic_Light ****
make all 
Building file: ../src/gpio.init.c
Invoking: MicroBlaze gcc compiler
mb-gcc -Wall -O0 -g3 -c -fmessage-length=0 -MT"src/gpio.init.o" -I../../Traffic_Light_bsp/microblaze_0/include -mlittle-endian -mcpu=v9.5 -mxl-soft-mul -Wl,--no-relax -MMD -MP -MF"src/gpio.init.d" -MT"src/gpio.init.d" -o "src/gpio.init.o" "../src/gpio.init.c"
Finished building: ../src/gpio.init.c
 
Building target: Traffic_Light.elf
Invoking: MicroBlaze gcc linker
mb-gcc -Wl,-T -Wl,../src/lscript.ld -L../../Traffic_Light_bsp/microblaze_0/lib -mlittle-endian -mcpu=v9.5 -mxl-soft-mul -Wl,--no-relax -o "Traffic_Light.elf"  ./src/gpio.init.o ./src/main.o ./src/platform.o   -Wl,--start-group,-lxil,-lgcc,-lc,--end-group
Finished building target: Traffic_Light.elf
 
Invoking: MicroBlaze Print Size
mb-size Traffic_Light.elf  |tee "Traffic_Light.elf.size"
   text	   data	    bss	    dec	    hex	filename
   8108	    328	   2228	  10664	   29a8	Traffic_Light.elf
Finished building: Traffic_Light.elf.size
 
15:24:30 **** Auto Build of configuration Debug for project Traffic_Light ****
make all 
Building file: ../src/gpio.init.c
Invoking: MicroBlaze gcc compiler
mb-gcc -Wall -O0 -g3 -c -fmessage-length=0 -MT"src/gpio.init.o" -I../../Traffic_Light_bsp/microblaze_0/include -mlittle-endian -mcpu=v9.5 -mxl-soft-mul -Wl,--no-relax -MMD -MP -MF"src/gpio.init.d" -MT"src/gpio.init.d" -o "src/gpio.init.o" "../src/gpio.init.c"
../src/gpio.init.c:7:23: fatal error: gpio_init.h: No such file or directory
 #include "gpio_init.h"
                       ^
compilation terminated.
make: *** [src/gpio.init.o] Error 1
15:24:55 **** Auto Build of configuration Debug for project Traffic_Light ****
make all 
Building file: ../src/gpio.init.c
Invoking: MicroBlaze gcc compiler
mb-gcc -Wall -O0 -g3 -c -fmessage-length=0 -MT"src/gpio.init.o" -I../../Traffic_Light_bsp/microblaze_0/include -mlittle-endian -mcpu=v9.5 -mxl-soft-mul -Wl,--no-relax -MMD -MP -MF"src/gpio.init.d" -MT"src/gpio.init.d" -o "src/gpio.init.o" "../src/gpio.init.c"
../src/gpio.init.c:9:1: error: unknown type name 'XStatus'
 XStatus initGpio(void)
 ^
../src/gpio.init.c: In function 'initGpio':
../src/gpio.init.c:11:2: error: unknown type name 'XStatus'
  XStatus status;
  ^
../src/gpio.init.c:18:2: warning: implicit declaration of function 'XGpio_Initialize' [-Wimplicit-function-declaration]
  status = XGpio_Initialize(&VGA_REGION, 10);
  ^
../src/gpio.init.c:18:29: error: 'VGA_REGION' undeclared (first use in this function)
  status = XGpio_Initialize(&VGA_REGION, 10);
                             ^
../src/gpio.init.c:18:29: note: each undeclared identifier is reported only once for each function it appears in
../src/gpio.init.c:19:16: error: 'XST_SUCCESS' undeclared (first use in this function)
  if (status != XST_SUCCESS)
                ^
../src/gpio.init.c:21:10: error: 'XST_FAILURE' undeclared (first use in this function)
   return XST_FAILURE;
          ^
../src/gpio.init.c:24:29: error: 'VGA_COLOUR' undeclared (first use in this function)
  status = XGpio_Initialize(&VGA_COLOUR, 8);
                             ^
../src/gpio.init.c:31:29: error: 'SLIDE_SWITCHES' undeclared (first use in this function)
  status = XGpio_Initialize(&SLIDE_SWITCHES, 7);
                             ^
../src/gpio.init.c:35:29: error: 'LED_OUT' undeclared (first use in this function)
  status = XGpio_Initialize(&LED_OUT, 2);
                             ^
../src/gpio.init.c:41:1: warning: control reaches end of non-void function [-Wreturn-type]
 }
 ^
make: *** [src/gpio.init.o] Error 1
15:25:03 **** Auto Build of configuration Debug for project Traffic_Light ****
make all 
Building file: ../src/gpio.init.c
Invoking: MicroBlaze gcc compiler
mb-gcc -Wall -O0 -g3 -c -fmessage-length=0 -MT"src/gpio.init.o" -I../../Traffic_Light_bsp/microblaze_0/include -mlittle-endian -mcpu=v9.5 -mxl-soft-mul -Wl,--no-relax -MMD -MP -MF"src/gpio.init.d" -MT"src/gpio.init.d" -o "src/gpio.init.o" "../src/gpio.init.c"
Finished building: ../src/gpio.init.c
 
Building target: Traffic_Light.elf
Invoking: MicroBlaze gcc linker
mb-gcc -Wl,-T -Wl,../src/lscript.ld -L../../Traffic_Light_bsp/microblaze_0/lib -mlittle-endian -mcpu=v9.5 -mxl-soft-mul -Wl,--no-relax -o "Traffic_Light.elf"  ./src/gpio.init.o ./src/main.o ./src/platform.o   -Wl,--start-group,-lxil,-lgcc,-lc,--end-group
Finished building target: Traffic_Light.elf
 
Invoking: MicroBlaze Print Size
mb-size Traffic_Light.elf  |tee "Traffic_Light.elf.size"
   text	   data	    bss	    dec	    hex	filename
   9728	    680	   2288	  12696	   3198	Traffic_Light.elf
Finished building: Traffic_Light.elf.size
 
15:25:17 **** Clean-only build of configuration Debug for project Traffic_Light ****
make clean 
rm -rf  ./src/gpio.init.o ./src/main.o ./src/platform.o  ./src/gpio.init.d ./src/main.d ./src/platform.d  Traffic_Light.elf.size  Traffic_Light.elf
 
15:25:17 **** Auto Build of configuration Debug for project Traffic_Light ****
make all 
Building file: ../src/gpio_init.c
Invoking: MicroBlaze gcc compiler
mb-gcc -Wall -O0 -g3 -c -fmessage-length=0 -MT"src/gpio_init.o" -I../../Traffic_Light_bsp/microblaze_0/include -mlittle-endian -mcpu=v9.5 -mxl-soft-mul -Wl,--no-relax -MMD -MP -MF"src/gpio_init.d" -MT"src/gpio_init.d" -o "src/gpio_init.o" "../src/gpio_init.c"
Finished building: ../src/gpio_init.c
 
Building file: ../src/main.c
Invoking: MicroBlaze gcc compiler
mb-gcc -Wall -O0 -g3 -c -fmessage-length=0 -MT"src/main.o" -I../../Traffic_Light_bsp/microblaze_0/include -mlittle-endian -mcpu=v9.5 -mxl-soft-mul -Wl,--no-relax -MMD -MP -MF"src/main.d" -MT"src/main.d" -o "src/main.o" "../src/main.c"
Finished building: ../src/main.c
 
Building file: ../src/platform.c
Invoking: MicroBlaze gcc compiler
mb-gcc -Wall -O0 -g3 -c -fmessage-length=0 -MT"src/platform.o" -I../../Traffic_Light_bsp/microblaze_0/include -mlittle-endian -mcpu=v9.5 -mxl-soft-mul -Wl,--no-relax -MMD -MP -MF"src/platform.d" -MT"src/platform.d" -o "src/platform.o" "../src/platform.c"
Finished building: ../src/platform.c
 
Building target: Traffic_Light.elf
Invoking: MicroBlaze gcc linker
mb-gcc -Wl,-T -Wl,../src/lscript.ld -L../../Traffic_Light_bsp/microblaze_0/lib -mlittle-endian -mcpu=v9.5 -mxl-soft-mul -Wl,--no-relax -o "Traffic_Light.elf"  ./src/gpio_init.o ./src/main.o ./src/platform.o   -Wl,--start-group,-lxil,-lgcc,-lc,--end-group
Finished building target: Traffic_Light.elf
 
Invoking: MicroBlaze Print Size
mb-size Traffic_Light.elf  |tee "Traffic_Light.elf.size"
   text	   data	    bss	    dec	    hex	filename
   9728	    680	   2288	  12696	   3198	Traffic_Light.elf
Finished building: Traffic_Light.elf.size
 
15:25:45 **** Auto Build of configuration Debug for project Traffic_Light ****
make all 
Building file: ../src/main.c
Invoking: MicroBlaze gcc compiler
mb-gcc -Wall -O0 -g3 -c -fmessage-length=0 -MT"src/main.o" -I../../Traffic_Light_bsp/microblaze_0/include -mlittle-endian -mcpu=v9.5 -mxl-soft-mul -Wl,--no-relax -MMD -MP -MF"src/main.d" -MT"src/main.d" -o "src/main.o" "../src/main.c"
Finished building: ../src/main.c
 
Building target: Traffic_Light.elf
Invoking: MicroBlaze gcc linker
mb-gcc -Wl,-T -Wl,../src/lscript.ld -L../../Traffic_Light_bsp/microblaze_0/lib -mlittle-endian -mcpu=v9.5 -mxl-soft-mul -Wl,--no-relax -o "Traffic_Light.elf"  ./src/gpio_init.o ./src/main.o ./src/platform.o   -Wl,--start-group,-lxil,-lgcc,-lc,--end-group
Finished building target: Traffic_Light.elf
 
Invoking: MicroBlaze Print Size
mb-size Traffic_Light.elf  |tee "Traffic_Light.elf.size"
   text	   data	    bss	    dec	    hex	filename
  10304	    680	   2296	  13280	   33e0	Traffic_Light.elf
Finished building: Traffic_Light.elf.size
 
15:25:54 **** Auto Build of configuration Debug for project Traffic_Light ****
make all 
Building file: ../src/main.c
Invoking: MicroBlaze gcc compiler
mb-gcc -Wall -O0 -g3 -c -fmessage-length=0 -MT"src/main.o" -I../../Traffic_Light_bsp/microblaze_0/include -mlittle-endian -mcpu=v9.5 -mxl-soft-mul -Wl,--no-relax -MMD -MP -MF"src/main.d" -MT"src/main.d" -o "src/main.o" "../src/main.c"
Finished building: ../src/main.c
 
Building target: Traffic_Light.elf
Invoking: MicroBlaze gcc linker
mb-gcc -Wl,-T -Wl,../src/lscript.ld -L../../Traffic_Light_bsp/microblaze_0/lib -mlittle-endian -mcpu=v9.5 -mxl-soft-mul -Wl,--no-relax -o "Traffic_Light.elf"  ./src/gpio_init.o ./src/main.o ./src/platform.o   -Wl,--start-group,-lxil,-lgcc,-lc,--end-group
Finished building target: Traffic_Light.elf
 
Invoking: MicroBlaze Print Size
mb-size Traffic_Light.elf  |tee "Traffic_Light.elf.size"
   text	   data	    bss	    dec	    hex	filename
  10304	    680	   2296	  13280	   33e0	Traffic_Light.elf
Finished building: Traffic_Light.elf.size
 
15:25:56 **** Incremental Build of configuration Debug for project Traffic_Light ****
make all 
make: Nothing to be done for `all'.
15:26:17 **** Auto Build of configuration Debug for project Traffic_Light ****
make all 
Building file: ../src/main.c
Invoking: MicroBlaze gcc compiler
mb-gcc -Wall -O0 -g3 -c -fmessage-length=0 -MT"src/main.o" -I../../Traffic_Light_bsp/microblaze_0/include -mlittle-endian -mcpu=v9.5 -mxl-soft-mul -Wl,--no-relax -MMD -MP -MF"src/main.d" -MT"src/main.d" -o "src/main.o" "../src/main.c"
Finished building: ../src/main.c
 
Building target: Traffic_Light.elf
Invoking: MicroBlaze gcc linker
mb-gcc -Wl,-T -Wl,../src/lscript.ld -L../../Traffic_Light_bsp/microblaze_0/lib -mlittle-endian -mcpu=v9.5 -mxl-soft-mul -Wl,--no-relax -o "Traffic_Light.elf"  ./src/gpio_init.o ./src/main.o ./src/platform.o   -Wl,--start-group,-lxil,-lgcc,-lc,--end-group
Finished building target: Traffic_Light.elf
 
Invoking: MicroBlaze Print Size
mb-size Traffic_Light.elf  |tee "Traffic_Light.elf.size"
   text	   data	    bss	    dec	    hex	filename
  10288	    680	   2296	  13264	   33d0	Traffic_Light.elf
Finished building: Traffic_Light.elf.size
 
15:26:18 **** Incremental Build of configuration Debug for project Traffic_Light ****
make all 
make: Nothing to be done for `all'.
15:26:32 **** Auto Build of configuration Debug for project Traffic_Light ****
make all 
Building file: ../src/main.c
Invoking: MicroBlaze gcc compiler
mb-gcc -Wall -O0 -g3 -c -fmessage-length=0 -MT"src/main.o" -I../../Traffic_Light_bsp/microblaze_0/include -mlittle-endian -mcpu=v9.5 -mxl-soft-mul -Wl,--no-relax -MMD -MP -MF"src/main.d" -MT"src/main.d" -o "src/main.o" "../src/main.c"
Finished building: ../src/main.c
 
Building target: Traffic_Light.elf
Invoking: MicroBlaze gcc linker
mb-gcc -Wl,-T -Wl,../src/lscript.ld -L../../Traffic_Light_bsp/microblaze_0/lib -mlittle-endian -mcpu=v9.5 -mxl-soft-mul -Wl,--no-relax -o "Traffic_Light.elf"  ./src/gpio_init.o ./src/main.o ./src/platform.o   -Wl,--start-group,-lxil,-lgcc,-lc,--end-group
Finished building target: Traffic_Light.elf
 
Invoking: MicroBlaze Print Size
mb-size Traffic_Light.elf  |tee "Traffic_Light.elf.size"
   text	   data	    bss	    dec	    hex	filename
  10288	    680	   2296	  13264	   33d0	Traffic_Light.elf
Finished building: Traffic_Light.elf.size
 
15:26:33 **** Incremental Build of configuration Debug for project Traffic_Light ****
make all 
make: Nothing to be done for `all'.
15:27:03 **** Auto Build of configuration Debug for project Traffic_Light ****
make all 
Building file: ../src/main.c
Invoking: MicroBlaze gcc compiler
mb-gcc -Wall -O0 -g3 -c -fmessage-length=0 -MT"src/main.o" -I../../Traffic_Light_bsp/microblaze_0/include -mlittle-endian -mcpu=v9.5 -mxl-soft-mul -Wl,--no-relax -MMD -MP -MF"src/main.d" -MT"src/main.d" -o "src/main.o" "../src/main.c"
Finished building: ../src/main.c
 
Building target: Traffic_Light.elf
Invoking: MicroBlaze gcc linker
mb-gcc -Wl,-T -Wl,../src/lscript.ld -L../../Traffic_Light_bsp/microblaze_0/lib -mlittle-endian -mcpu=v9.5 -mxl-soft-mul -Wl,--no-relax -o "Traffic_Light.elf"  ./src/gpio_init.o ./src/main.o ./src/platform.o   -Wl,--start-group,-lxil,-lgcc,-lc,--end-group
Finished building target: Traffic_Light.elf
 
Invoking: MicroBlaze Print Size
mb-size Traffic_Light.elf  |tee "Traffic_Light.elf.size"
   text	   data	    bss	    dec	    hex	filename
  10148	    680	   2300	  13128	   3348	Traffic_Light.elf
Finished building: Traffic_Light.elf.size
 
15:27:06 **** Incremental Build of configuration Debug for project Traffic_Light ****
make all 
make: Nothing to be done for `all'.
15:27:09 **** Incremental Build of configuration Debug for project Traffic_Light ****
make all 
make: Nothing to be done for `all'.
15:27:19 **** Auto Build of configuration Debug for project Traffic_Light ****
make all 
Building file: ../src/main.c
Invoking: MicroBlaze gcc compiler
mb-gcc -Wall -O0 -g3 -c -fmessage-length=0 -MT"src/main.o" -I../../Traffic_Light_bsp/microblaze_0/include -mlittle-endian -mcpu=v9.5 -mxl-soft-mul -Wl,--no-relax -MMD -MP -MF"src/main.d" -MT"src/main.d" -o "src/main.o" "../src/main.c"
Finished building: ../src/main.c
 
Building target: Traffic_Light.elf
Invoking: MicroBlaze gcc linker
mb-gcc -Wl,-T -Wl,../src/lscript.ld -L../../Traffic_Light_bsp/microblaze_0/lib -mlittle-endian -mcpu=v9.5 -mxl-soft-mul -Wl,--no-relax -o "Traffic_Light.elf"  ./src/gpio_init.o ./src/main.o ./src/platform.o   -Wl,--start-group,-lxil,-lgcc,-lc,--end-group
Finished building target: Traffic_Light.elf
 
Invoking: MicroBlaze Print Size
mb-size Traffic_Light.elf  |tee "Traffic_Light.elf.size"
   text	   data	    bss	    dec	    hex	filename
  10148	    680	   2300	  13128	   3348	Traffic_Light.elf
Finished building: Traffic_Light.elf.size
 
15:27:20 **** Incremental Build of configuration Debug for project Traffic_Light ****
make all 
make: Nothing to be done for `all'.
15:27:22 **** Incremental Build of configuration Debug for project Traffic_Light ****
make all 
make: Nothing to be done for `all'.
15:35:34 **** Auto Build of configuration Debug for project Traffic_Light ****
make all 
Building file: ../src/gpio_init.c
Invoking: MicroBlaze gcc compiler
mb-gcc -Wall -O0 -g3 -c -fmessage-length=0 -MT"src/gpio_init.o" -I../../Traffic_Light_bsp/microblaze_0/include -mlittle-endian -mcpu=v9.5 -mxl-soft-mul -Wl,--no-relax -MMD -MP -MF"src/gpio_init.d" -MT"src/gpio_init.d" -o "src/gpio_init.o" "../src/gpio_init.c"
../src/gpio_init.c: In function 'initGpio':
../src/gpio_init.c:18:29: error: 'VGA_REGION' undeclared (first use in this function)
  status = XGpio_Initialize(&VGA_REGION, 10);
                             ^
../src/gpio_init.c:18:29: note: each undeclared identifier is reported only once for each function it appears in
../src/gpio_init.c:24:29: error: 'VGA_COLOUR' undeclared (first use in this function)
  status = XGpio_Initialize(&VGA_COLOUR, 8);
                             ^
make: *** [src/gpio_init.o] Error 1
15:35:52 **** Auto Build of configuration Debug for project Traffic_Light ****
make all 
Building file: ../src/gpio_init.c
Invoking: MicroBlaze gcc compiler
mb-gcc -Wall -O0 -g3 -c -fmessage-length=0 -MT"src/gpio_init.o" -I../../Traffic_Light_bsp/microblaze_0/include -mlittle-endian -mcpu=v9.5 -mxl-soft-mul -Wl,--no-relax -MMD -MP -MF"src/gpio_init.d" -MT"src/gpio_init.d" -o "src/gpio_init.o" "../src/gpio_init.c"
Finished building: ../src/gpio_init.c
 
Building file: ../src/main.c
Invoking: MicroBlaze gcc compiler
mb-gcc -Wall -O0 -g3 -c -fmessage-length=0 -MT"src/main.o" -I../../Traffic_Light_bsp/microblaze_0/include -mlittle-endian -mcpu=v9.5 -mxl-soft-mul -Wl,--no-relax -MMD -MP -MF"src/main.d" -MT"src/main.d" -o "src/main.o" "../src/main.c"
../src/main.c: In function 'main':
../src/main.c:63:28: error: 'VGA_COLOUR' undeclared (first use in this function)
       XGpio_DiscreteWrite(&VGA_COLOUR,1, 10);
                            ^
../src/main.c:63:28: note: each undeclared identifier is reported only once for each function it appears in
../src/main.c:64:28: error: 'VGA_REGION' undeclared (first use in this function)
       XGpio_DiscreteWrite(&VGA_REGION,1, 1);
                            ^
make: *** [src/main.o] Error 1
15:37:04 **** Auto Build of configuration Debug for project Traffic_Light ****
make all 
Building file: ../src/main.c
Invoking: MicroBlaze gcc compiler
mb-gcc -Wall -O0 -g3 -c -fmessage-length=0 -MT"src/main.o" -I../../Traffic_Light_bsp/microblaze_0/include -mlittle-endian -mcpu=v9.5 -mxl-soft-mul -Wl,--no-relax -MMD -MP -MF"src/main.d" -MT"src/main.d" -o "src/main.o" "../src/main.c"
../src/main.c: In function 'displayRegion':
../src/main.c:42:23: error: 'VGA_REGION' undeclared (first use in this function)
  XGpio_DiscreteWrite(&VGA_REGION,1, 1);
                       ^
../src/main.c:42:23: note: each undeclared identifier is reported only once for each function it appears in
../src/main.c:43:1: warning: control reaches end of non-void function [-Wreturn-type]
 }
 ^
make: *** [src/main.o] Error 1
15:38:01 **** Auto Build of configuration Debug for project Traffic_Light ****
make all 
Building file: ../src/main.c
Invoking: MicroBlaze gcc compiler
mb-gcc -Wall -O0 -g3 -c -fmessage-length=0 -MT"src/main.o" -I../../Traffic_Light_bsp/microblaze_0/include -mlittle-endian -mcpu=v9.5 -mxl-soft-mul -Wl,--no-relax -MMD -MP -MF"src/main.d" -MT"src/main.d" -o "src/main.o" "../src/main.c"
../src/main.c: In function 'displayRegion':
../src/main.c:43:1: warning: control reaches end of non-void function [-Wreturn-type]
 }
 ^
Finished building: ../src/main.c
 
Building target: Traffic_Light.elf
Invoking: MicroBlaze gcc linker
mb-gcc -Wl,-T -Wl,../src/lscript.ld -L../../Traffic_Light_bsp/microblaze_0/lib -mlittle-endian -mcpu=v9.5 -mxl-soft-mul -Wl,--no-relax -o "Traffic_Light.elf"  ./src/gpio_init.o ./src/main.o ./src/platform.o   -Wl,--start-group,-lxil,-lgcc,-lc,--end-group
Finished building target: Traffic_Light.elf
 
Invoking: MicroBlaze Print Size
mb-size Traffic_Light.elf  |tee "Traffic_Light.elf.size"
   text	   data	    bss	    dec	    hex	filename
  10424	    680	   2456	  13560	   34f8	Traffic_Light.elf
Finished building: Traffic_Light.elf.size
 
15:38:12 **** Auto Build of configuration Debug for project Traffic_Light ****
make all 
Building file: ../src/main.c
Invoking: MicroBlaze gcc compiler
mb-gcc -Wall -O0 -g3 -c -fmessage-length=0 -MT"src/main.o" -I../../Traffic_Light_bsp/microblaze_0/include -mlittle-endian -mcpu=v9.5 -mxl-soft-mul -Wl,--no-relax -MMD -MP -MF"src/main.d" -MT"src/main.d" -o "src/main.o" "../src/main.c"
../src/main.c: In function 'displayRegion':
../src/main.c:43:1: warning: control reaches end of non-void function [-Wreturn-type]
 }
 ^
Finished building: ../src/main.c
 
Building target: Traffic_Light.elf
Invoking: MicroBlaze gcc linker
mb-gcc -Wl,-T -Wl,../src/lscript.ld -L../../Traffic_Light_bsp/microblaze_0/lib -mlittle-endian -mcpu=v9.5 -mxl-soft-mul -Wl,--no-relax -o "Traffic_Light.elf"  ./src/gpio_init.o ./src/main.o ./src/platform.o   -Wl,--start-group,-lxil,-lgcc,-lc,--end-group
Finished building target: Traffic_Light.elf
 
Invoking: MicroBlaze Print Size
mb-size Traffic_Light.elf  |tee "Traffic_Light.elf.size"
   text	   data	    bss	    dec	    hex	filename
  10432	    680	   2456	  13568	   3500	Traffic_Light.elf
Finished building: Traffic_Light.elf.size
 
15:38:15 **** Incremental Build of configuration Debug for project Traffic_Light ****
make all 
make: Nothing to be done for `all'.
15:39:49 **** Auto Build of configuration Debug for project Traffic_Light ****
make all 
Building file: ../src/gpio_init.c
Invoking: MicroBlaze gcc compiler
mb-gcc -Wall -O0 -g3 -c -fmessage-length=0 -MT"src/gpio_init.o" -I../../Traffic_Light_bsp/microblaze_0/include -mlittle-endian -mcpu=v9.5 -mxl-soft-mul -Wl,--no-relax -MMD -MP -MF"src/gpio_init.d" -MT"src/gpio_init.d" -o "src/gpio_init.o" "../src/gpio_init.c"
Finished building: ../src/gpio_init.c
 
Building target: Traffic_Light.elf
Invoking: MicroBlaze gcc linker
mb-gcc -Wl,-T -Wl,../src/lscript.ld -L../../Traffic_Light_bsp/microblaze_0/lib -mlittle-endian -mcpu=v9.5 -mxl-soft-mul -Wl,--no-relax -o "Traffic_Light.elf"  ./src/gpio_init.o ./src/main.o ./src/platform.o   -Wl,--start-group,-lxil,-lgcc,-lc,--end-group
Finished building target: Traffic_Light.elf
 
Invoking: MicroBlaze Print Size
mb-size Traffic_Light.elf  |tee "Traffic_Light.elf.size"
   text	   data	    bss	    dec	    hex	filename
  10432	    680	   2456	  13568	   3500	Traffic_Light.elf
Finished building: Traffic_Light.elf.size
 
15:39:51 **** Incremental Build of configuration Debug for project Traffic_Light ****
make all 
make: Nothing to be done for `all'.
15:41:20 **** Auto Build of configuration Debug for project Traffic_Light ****
make all 
Building file: ../src/main.c
Invoking: MicroBlaze gcc compiler
mb-gcc -Wall -O0 -g3 -c -fmessage-length=0 -MT"src/main.o" -I../../Traffic_Light_bsp/microblaze_0/include -mlittle-endian -mcpu=v9.5 -mxl-soft-mul -Wl,--no-relax -MMD -MP -MF"src/main.d" -MT"src/main.d" -o "src/main.o" "../src/main.c"
../src/main.c: In function 'main':
../src/main.c:55:13: warning: passing argument 1 of 'printf' from incompatible pointer type
      printf(&REGION_0_COLOUR);
             ^
In file included from f:\programs\xilinx\sdk\2015.3\gnu\microblaze\nt\microblaze-xilinx-elf\include\stdio.h:29:0,
                 from ../src/main.c:2:
f:\programs\xilinx\sdk\2015.3\gnu\microblaze\nt\microblaze-xilinx-elf\include\stdio.h:173:5: note: expected 'const char * __restrict__' but argument is of type 'struct XGpio *'
 int _EXFUN(printf, (const char *__restrict, ...)
     ^
../src/main.c: In function 'displayRegion':
../src/main.c:43:1: warning: control reaches end of non-void function [-Wreturn-type]
 }
 ^
Finished building: ../src/main.c
 
Building target: Traffic_Light.elf
Invoking: MicroBlaze gcc linker
mb-gcc -Wl,-T -Wl,../src/lscript.ld -L../../Traffic_Light_bsp/microblaze_0/lib -mlittle-endian -mcpu=v9.5 -mxl-soft-mul -Wl,--no-relax -o "Traffic_Light.elf"  ./src/gpio_init.o ./src/main.o ./src/platform.o   -Wl,--start-group,-lxil,-lgcc,-lc,--end-group
Finished building target: Traffic_Light.elf
 
Invoking: MicroBlaze Print Size
mb-size Traffic_Light.elf  |tee "Traffic_Light.elf.size"
   text	   data	    bss	    dec	    hex	filename
  99916	   1984	   2548	 104448	  19800	Traffic_Light.elf
Finished building: Traffic_Light.elf.size
 
15:41:26 **** Incremental Build of configuration Debug for project Traffic_Light ****
make all 
make: Nothing to be done for `all'.
15:41:46 **** Auto Build of configuration Debug for project Traffic_Light ****
make all 
Building file: ../src/main.c
Invoking: MicroBlaze gcc compiler
mb-gcc -Wall -O0 -g3 -c -fmessage-length=0 -MT"src/main.o" -I../../Traffic_Light_bsp/microblaze_0/include -mlittle-endian -mcpu=v9.5 -mxl-soft-mul -Wl,--no-relax -MMD -MP -MF"src/main.d" -MT"src/main.d" -o "src/main.o" "../src/main.c"
../src/main.c: In function 'main':
../src/main.c:55:13: warning: multi-character character constant [-Wmultichar]
      printf('%d,'&REGION_0_COLOUR);
             ^
../src/main.c:55:18: error: invalid operands to binary & (have 'int' and 'XGpio')
      printf('%d,'&REGION_0_COLOUR);
                  ^
../src/main.c: In function 'displayRegion':
../src/main.c:43:1: warning: control reaches end of non-void function [-Wreturn-type]
 }
 ^
make: *** [src/main.o] Error 1
15:42:03 **** Auto Build of configuration Debug for project Traffic_Light ****
make all 
Building file: ../src/main.c
Invoking: MicroBlaze gcc compiler
mb-gcc -Wall -O0 -g3 -c -fmessage-length=0 -MT"src/main.o" -I../../Traffic_Light_bsp/microblaze_0/include -mlittle-endian -mcpu=v9.5 -mxl-soft-mul -Wl,--no-relax -MMD -MP -MF"src/main.d" -MT"src/main.d" -o "src/main.o" "../src/main.c"
../src/main.c: In function 'main':
../src/main.c:55:13: warning: multi-character character constant [-Wmultichar]
      printf('%d',&REGION_0_COLOUR);
             ^
../src/main.c:55:13: warning: passing argument 1 of 'printf' makes pointer from integer without a cast
In file included from f:\programs\xilinx\sdk\2015.3\gnu\microblaze\nt\microblaze-xilinx-elf\include\stdio.h:29:0,
                 from ../src/main.c:2:
f:\programs\xilinx\sdk\2015.3\gnu\microblaze\nt\microblaze-xilinx-elf\include\stdio.h:173:5: note: expected 'const char * __restrict__' but argument is of type 'int'
 int _EXFUN(printf, (const char *__restrict, ...)
     ^
../src/main.c: In function 'displayRegion':
../src/main.c:43:1: warning: control reaches end of non-void function [-Wreturn-type]
 }
 ^
Finished building: ../src/main.c
 
Building target: Traffic_Light.elf
Invoking: MicroBlaze gcc linker
mb-gcc -Wl,-T -Wl,../src/lscript.ld -L../../Traffic_Light_bsp/microblaze_0/lib -mlittle-endian -mcpu=v9.5 -mxl-soft-mul -Wl,--no-relax -o "Traffic_Light.elf"  ./src/gpio_init.o ./src/main.o ./src/platform.o   -Wl,--start-group,-lxil,-lgcc,-lc,--end-group
Finished building target: Traffic_Light.elf
 
Invoking: MicroBlaze Print Size
mb-size Traffic_Light.elf  |tee "Traffic_Light.elf.size"
   text	   data	    bss	    dec	    hex	filename
  99920	   1984	   2544	 104448	  19800	Traffic_Light.elf
Finished building: Traffic_Light.elf.size
 
15:42:05 **** Incremental Build of configuration Debug for project Traffic_Light ****
make all 
make: Nothing to be done for `all'.
15:42:18 **** Incremental Build of configuration Debug for project Traffic_Light ****
make all 
make: Nothing to be done for `all'.
15:45:10 **** Auto Build of configuration Debug for project Traffic_Light ****
make all 
Building file: ../src/main.c
Invoking: MicroBlaze gcc compiler
mb-gcc -Wall -O0 -g3 -c -fmessage-length=0 -MT"src/main.o" -I../../Traffic_Light_bsp/microblaze_0/include -mlittle-endian -mcpu=v9.5 -mxl-soft-mul -Wl,--no-relax -MMD -MP -MF"src/main.d" -MT"src/main.d" -o "src/main.o" "../src/main.c"
../src/main.c: In function 'convert':
../src/main.c:18:4: error: incompatible types when returning type 'XGpio' but 'int' was expected
    return REGION_0_COLOUR;
    ^
../src/main.c:20:4: error: incompatible types when returning type 'XGpio' but 'int' was expected
    return REGION_1_COLOUR;
    ^
../src/main.c:22:4: error: incompatible types when returning type 'XGpio' but 'int' was expected
    return REGION_2_COLOUR;
    ^
../src/main.c:24:4: error: incompatible types when returning type 'XGpio' but 'int' was expected
    return REGION_3_COLOUR;
    ^
../src/main.c:26:4: error: incompatible types when returning type 'XGpio' but 'int' was expected
    return REGION_4_COLOUR;
    ^
../src/main.c:28:4: error: incompatible types when returning type 'XGpio' but 'int' was expected
    return REGION_5_COLOUR;
    ^
../src/main.c:30:4: error: incompatible types when returning type 'XGpio' but 'int' was expected
    return REGION_6_COLOUR;
    ^
../src/main.c:32:4: error: incompatible types when returning type 'XGpio' but 'int' was expected
    return REGION_7_COLOUR;
    ^
../src/main.c:34:4: error: incompatible types when returning type 'XGpio' but 'int' was expected
    return REGION_8_COLOUR;
    ^
../src/main.c:36:4: error: incompatible types when returning type 'XGpio' but 'int' was expected
    return REGION_9_COLOUR;
    ^
../src/main.c:38:4: error: incompatible types when returning type 'XGpio' but 'int' was expected
    return REGION_10_COLOUR;
    ^
../src/main.c:40:4: error: incompatible types when returning type 'XGpio' but 'int' was expected
    return REGION_11_COLOUR;
    ^
../src/main.c:42:4: error: incompatible types when returning type 'XGpio' but 'int' was expected
    return REGION_0_COLOUR;
    ^
../src/main.c: In function 'displayRegion':
../src/main.c:47:22: warning: passing argument 1 of 'XGpio_DiscreteWrite' from incompatible pointer type
  XGpio_DiscreteWrite(&region,1, 1);
                      ^
In file included from ../src/gpio_init.h:4:0,
                 from ../src/main.c:5:
../../Traffic_Light_bsp/microblaze_0/include/xgpio.h:169:6: note: expected 'struct XGpio *' but argument is of type 'u8 *'
 void XGpio_DiscreteWrite(XGpio *InstancePtr, unsigned Channel, u32 Mask);
      ^
../src/main.c: In function 'main':
../src/main.c:60:13: warning: multi-character character constant [-Wmultichar]
      printf('%d',&REGION_0_COLOUR);
             ^
../src/main.c:60:13: warning: passing argument 1 of 'printf' makes pointer from integer without a cast
In file included from f:\programs\xilinx\sdk\2015.3\gnu\microblaze\nt\microblaze-xilinx-elf\include\stdio.h:29:0,
                 from ../src/main.c:2:
f:\programs\xilinx\sdk\2015.3\gnu\microblaze\nt\microblaze-xilinx-elf\include\stdio.h:173:5: note: expected 'const char * __restrict__' but argument is of type 'int'
 int _EXFUN(printf, (const char *__restrict, ...)
     ^
../src/main.c: In function 'convert':
../src/main.c:44:1: warning: control reaches end of non-void function [-Wreturn-type]
 }
 ^
../src/main.c: In function 'displayRegion':
../src/main.c:48:1: warning: control reaches end of non-void function [-Wreturn-type]
 }
 ^
make: *** [src/main.o] Error 1
15:45:18 **** Incremental Build of configuration Debug for project Traffic_Light ****
make all 
Building file: ../src/main.c
Invoking: MicroBlaze gcc compiler
mb-gcc -Wall -O0 -g3 -c -fmessage-length=0 -MT"src/main.o" -I../../Traffic_Light_bsp/microblaze_0/include -mlittle-endian -mcpu=v9.5 -mxl-soft-mul -Wl,--no-relax -MMD -MP -MF"src/main.d" -MT"src/main.d" -o "src/main.o" "../src/main.c"
../src/main.c: In function 'convert':
../src/main.c:18:4: error: incompatible types when returning type 'XGpio' but 'int' was expected
    return REGION_0_COLOUR;
    ^
../src/main.c:20:4: error: incompatible types when returning type 'XGpio' but 'int' was expected
    return REGION_1_COLOUR;
    ^
../src/main.c:22:4: error: incompatible types when returning type 'XGpio' but 'int' was expected
    return REGION_2_COLOUR;
    ^
../src/main.c:24:4: error: incompatible types when returning type 'XGpio' but 'int' was expected
    return REGION_3_COLOUR;
    ^
../src/main.c:26:4: error: incompatible types when returning type 'XGpio' but 'int' was expected
    return REGION_4_COLOUR;
    ^
../src/main.c:28:4: error: incompatible types when returning type 'XGpio' but 'int' was expected
    return REGION_5_COLOUR;
    ^
../src/main.c:30:4: error: incompatible types when returning type 'XGpio' but 'int' was expected
    return REGION_6_COLOUR;
    ^
../src/main.c:32:4: error: incompatible types when returning type 'XGpio' but 'int' was expected
    return REGION_7_COLOUR;
    ^
../src/main.c:34:4: error: incompatible types when returning type 'XGpio' but 'int' was expected
    return REGION_8_COLOUR;
    ^
../src/main.c:36:4: error: incompatible types when returning type 'XGpio' but 'int' was expected
    return REGION_9_COLOUR;
    ^
../src/main.c:38:4: error: incompatible types when returning type 'XGpio' but 'int' was expected
    return REGION_10_COLOUR;
    ^
../src/main.c:40:4: error: incompatible types when returning type 'XGpio' but 'int' was expected
    return REGION_11_COLOUR;
    ^
../src/main.c:42:4: error: incompatible types when returning type 'XGpio' but 'int' was expected
    return REGION_0_COLOUR;
    ^
../src/main.c: In function 'displayRegion':
../src/main.c:47:22: warning: passing argument 1 of 'XGpio_DiscreteWrite' from incompatible pointer type
  XGpio_DiscreteWrite(&region,1, 1);
                      ^
In file included from ../src/gpio_init.h:4:0,
                 from ../src/main.c:5:
../../Traffic_Light_bsp/microblaze_0/include/xgpio.h:169:6: note: expected 'struct XGpio *' but argument is of type 'u8 *'
 void XGpio_DiscreteWrite(XGpio *InstancePtr, unsigned Channel, u32 Mask);
      ^
../src/main.c: In function 'main':
../src/main.c:60:13: warning: multi-character character constant [-Wmultichar]
      printf('%d',&REGION_0_COLOUR);
             ^
../src/main.c:60:13: warning: passing argument 1 of 'printf' makes pointer from integer without a cast
In file included from f:\programs\xilinx\sdk\2015.3\gnu\microblaze\nt\microblaze-xilinx-elf\include\stdio.h:29:0,
                 from ../src/main.c:2:
f:\programs\xilinx\sdk\2015.3\gnu\microblaze\nt\microblaze-xilinx-elf\include\stdio.h:173:5: note: expected 'const char * __restrict__' but argument is of type 'int'
 int _EXFUN(printf, (const char *__restrict, ...)
     ^
../src/main.c: In function 'convert':
../src/main.c:44:1: warning: control reaches end of non-void function [-Wreturn-type]
 }
 ^
../src/main.c: In function 'displayRegion':
../src/main.c:48:1: warning: control reaches end of non-void function [-Wreturn-type]
 }
 ^
make: *** [src/main.o] Error 1
15:45:53 **** Auto Build of configuration Debug for project Traffic_Light ****
make all 
Building file: ../src/main.c
Invoking: MicroBlaze gcc compiler
mb-gcc -Wall -O0 -g3 -c -fmessage-length=0 -MT"src/main.o" -I../../Traffic_Light_bsp/microblaze_0/include -mlittle-endian -mcpu=v9.5 -mxl-soft-mul -Wl,--no-relax -MMD -MP -MF"src/main.d" -MT"src/main.d" -o "src/main.o" "../src/main.c"
../src/main.c: In function 'displayRegion':
../src/main.c:46:9: error: incompatible types when assigning to type 'u8' from type 'XGpio'
  region = convert(1);
         ^
../src/main.c:47:22: warning: passing argument 1 of 'XGpio_DiscreteWrite' from incompatible pointer type
  XGpio_DiscreteWrite(&region,1, 1);
                      ^
In file included from ../src/gpio_init.h:4:0,
                 from ../src/main.c:5:
../../Traffic_Light_bsp/microblaze_0/include/xgpio.h:169:6: note: expected 'struct XGpio *' but argument is of type 'u8 *'
 void XGpio_DiscreteWrite(XGpio *InstancePtr, unsigned Channel, u32 Mask);
      ^
../src/main.c: In function 'main':
../src/main.c:60:13: warning: multi-character character constant [-Wmultichar]
      printf('%d',&REGION_0_COLOUR);
             ^
../src/main.c:60:13: warning: passing argument 1 of 'printf' makes pointer from integer without a cast
In file included from f:\programs\xilinx\sdk\2015.3\gnu\microblaze\nt\microblaze-xilinx-elf\include\stdio.h:29:0,
                 from ../src/main.c:2:
f:\programs\xilinx\sdk\2015.3\gnu\microblaze\nt\microblaze-xilinx-elf\include\stdio.h:173:5: note: expected 'const char * __restrict__' but argument is of type 'int'
 int _EXFUN(printf, (const char *__restrict, ...)
     ^
../src/main.c: In function 'displayRegion':
../src/main.c:48:1: warning: control reaches end of non-void function [-Wreturn-type]
 }
 ^
make: *** [src/main.o] Error 1
15:46:06 **** Auto Build of configuration Debug for project Traffic_Light ****
make all 
Building file: ../src/main.c
Invoking: MicroBlaze gcc compiler
mb-gcc -Wall -O0 -g3 -c -fmessage-length=0 -MT"src/main.o" -I../../Traffic_Light_bsp/microblaze_0/include -mlittle-endian -mcpu=v9.5 -mxl-soft-mul -Wl,--no-relax -MMD -MP -MF"src/main.d" -MT"src/main.d" -o "src/main.o" "../src/main.c"
../src/main.c: In function 'main':
../src/main.c:60:13: warning: multi-character character constant [-Wmultichar]
      printf('%d',&REGION_0_COLOUR);
             ^
../src/main.c:60:13: warning: passing argument 1 of 'printf' makes pointer from integer without a cast
In file included from f:\programs\xilinx\sdk\2015.3\gnu\microblaze\nt\microblaze-xilinx-elf\include\stdio.h:29:0,
                 from ../src/main.c:2:
f:\programs\xilinx\sdk\2015.3\gnu\microblaze\nt\microblaze-xilinx-elf\include\stdio.h:173:5: note: expected 'const char * __restrict__' but argument is of type 'int'
 int _EXFUN(printf, (const char *__restrict, ...)
     ^
../src/main.c: In function 'displayRegion':
../src/main.c:48:1: warning: control reaches end of non-void function [-Wreturn-type]
 }
 ^
Finished building: ../src/main.c
 
Building target: Traffic_Light.elf
Invoking: MicroBlaze gcc linker
mb-gcc -Wl,-T -Wl,../src/lscript.ld -L../../Traffic_Light_bsp/microblaze_0/lib -mlittle-endian -mcpu=v9.5 -mxl-soft-mul -Wl,--no-relax -o "Traffic_Light.elf"  ./src/gpio_init.o ./src/main.o ./src/platform.o   -Wl,--start-group,-lxil,-lgcc,-lc,--end-group
Finished building target: Traffic_Light.elf
 
Invoking: MicroBlaze Print Size
mb-size Traffic_Light.elf  |tee "Traffic_Light.elf.size"
   text	   data	    bss	    dec	    hex	filename
 100656	   1984	   2560	 105200	  19af0	Traffic_Light.elf
Finished building: Traffic_Light.elf.size
 
15:46:11 **** Incremental Build of configuration Debug for project Traffic_Light ****
make all 
make: Nothing to be done for `all'.
15:46:36 **** Auto Build of configuration Debug for project Traffic_Light ****
make all 
Building file: ../src/main.c
Invoking: MicroBlaze gcc compiler
mb-gcc -Wall -O0 -g3 -c -fmessage-length=0 -MT"src/main.o" -I../../Traffic_Light_bsp/microblaze_0/include -mlittle-endian -mcpu=v9.5 -mxl-soft-mul -Wl,--no-relax -MMD -MP -MF"src/main.d" -MT"src/main.d" -o "src/main.o" "../src/main.c"
../src/main.c: In function 'displayRegion':
../src/main.c:48:1: warning: control reaches end of non-void function [-Wreturn-type]
 }
 ^
Finished building: ../src/main.c
 
Building target: Traffic_Light.elf
Invoking: MicroBlaze gcc linker
mb-gcc -Wl,-T -Wl,../src/lscript.ld -L../../Traffic_Light_bsp/microblaze_0/lib -mlittle-endian -mcpu=v9.5 -mxl-soft-mul -Wl,--no-relax -o "Traffic_Light.elf"  ./src/gpio_init.o ./src/main.o ./src/platform.o   -Wl,--start-group,-lxil,-lgcc,-lc,--end-group
Finished building target: Traffic_Light.elf
 
Invoking: MicroBlaze Print Size
mb-size Traffic_Light.elf  |tee "Traffic_Light.elf.size"
   text	   data	    bss	    dec	    hex	filename
  11168	    680	   2472	  14320	   37f0	Traffic_Light.elf
Finished building: Traffic_Light.elf.size
 
15:46:37 **** Incremental Build of configuration Debug for project Traffic_Light ****
make all 
make: Nothing to be done for `all'.
15:46:49 **** Auto Build of configuration Debug for project Traffic_Light ****
make all 
Building file: ../src/main.c
Invoking: MicroBlaze gcc compiler
mb-gcc -Wall -O0 -g3 -c -fmessage-length=0 -MT"src/main.o" -I../../Traffic_Light_bsp/microblaze_0/include -mlittle-endian -mcpu=v9.5 -mxl-soft-mul -Wl,--no-relax -MMD -MP -MF"src/main.d" -MT"src/main.d" -o "src/main.o" "../src/main.c"
../src/main.c: In function 'displayRegion':
../src/main.c:48:1: warning: control reaches end of non-void function [-Wreturn-type]
 }
 ^
Finished building: ../src/main.c
 
Building target: Traffic_Light.elf
Invoking: MicroBlaze gcc linker
mb-gcc -Wl,-T -Wl,../src/lscript.ld -L../../Traffic_Light_bsp/microblaze_0/lib -mlittle-endian -mcpu=v9.5 -mxl-soft-mul -Wl,--no-relax -o "Traffic_Light.elf"  ./src/gpio_init.o ./src/main.o ./src/platform.o   -Wl,--start-group,-lxil,-lgcc,-lc,--end-group
Finished building target: Traffic_Light.elf
 
Invoking: MicroBlaze Print Size
mb-size Traffic_Light.elf  |tee "Traffic_Light.elf.size"
   text	   data	    bss	    dec	    hex	filename
  11168	    680	   2472	  14320	   37f0	Traffic_Light.elf
Finished building: Traffic_Light.elf.size
 
15:46:50 **** Incremental Build of configuration Debug for project Traffic_Light ****
make all 
make: Nothing to be done for `all'.
15:47:00 **** Auto Build of configuration Debug for project Traffic_Light ****
make all 
Building file: ../src/main.c
Invoking: MicroBlaze gcc compiler
mb-gcc -Wall -O0 -g3 -c -fmessage-length=0 -MT"src/main.o" -I../../Traffic_Light_bsp/microblaze_0/include -mlittle-endian -mcpu=v9.5 -mxl-soft-mul -Wl,--no-relax -MMD -MP -MF"src/main.d" -MT"src/main.d" -o "src/main.o" "../src/main.c"
../src/main.c: In function 'displayRegion':
../src/main.c:48:1: warning: control reaches end of non-void function [-Wreturn-type]
 }
 ^
Finished building: ../src/main.c
 
Building target: Traffic_Light.elf
Invoking: MicroBlaze gcc linker
mb-gcc -Wl,-T -Wl,../src/lscript.ld -L../../Traffic_Light_bsp/microblaze_0/lib -mlittle-endian -mcpu=v9.5 -mxl-soft-mul -Wl,--no-relax -o "Traffic_Light.elf"  ./src/gpio_init.o ./src/main.o ./src/platform.o   -Wl,--start-group,-lxil,-lgcc,-lc,--end-group
Finished building target: Traffic_Light.elf
 
Invoking: MicroBlaze Print Size
mb-size Traffic_Light.elf  |tee "Traffic_Light.elf.size"
   text	   data	    bss	    dec	    hex	filename
  11168	    680	   2472	  14320	   37f0	Traffic_Light.elf
Finished building: Traffic_Light.elf.size
 
15:47:02 **** Incremental Build of configuration Debug for project Traffic_Light ****
make all 
make: Nothing to be done for `all'.
15:47:33 **** Auto Build of configuration Debug for project Traffic_Light ****
make all 
Building file: ../src/main.c
Invoking: MicroBlaze gcc compiler
mb-gcc -Wall -O0 -g3 -c -fmessage-length=0 -MT"src/main.o" -I../../Traffic_Light_bsp/microblaze_0/include -mlittle-endian -mcpu=v9.5 -mxl-soft-mul -Wl,--no-relax -MMD -MP -MF"src/main.d" -MT"src/main.d" -o "src/main.o" "../src/main.c"
../src/main.c: In function 'displayRegion':
../src/main.c:48:1: warning: control reaches end of non-void function [-Wreturn-type]
 }
 ^
Finished building: ../src/main.c
 
Building target: Traffic_Light.elf
Invoking: MicroBlaze gcc linker
mb-gcc -Wl,-T -Wl,../src/lscript.ld -L../../Traffic_Light_bsp/microblaze_0/lib -mlittle-endian -mcpu=v9.5 -mxl-soft-mul -Wl,--no-relax -o "Traffic_Light.elf"  ./src/gpio_init.o ./src/main.o ./src/platform.o   -Wl,--start-group,-lxil,-lgcc,-lc,--end-group
Finished building target: Traffic_Light.elf
 
Invoking: MicroBlaze Print Size
mb-size Traffic_Light.elf  |tee "Traffic_Light.elf.size"
   text	   data	    bss	    dec	    hex	filename
  11168	    680	   2472	  14320	   37f0	Traffic_Light.elf
Finished building: Traffic_Light.elf.size
 
15:49:15 **** Auto Build of configuration Debug for project Traffic_Light ****
make all 
Building file: ../src/main.c
Invoking: MicroBlaze gcc compiler
mb-gcc -Wall -O0 -g3 -c -fmessage-length=0 -MT"src/main.o" -I../../Traffic_Light_bsp/microblaze_0/include -mlittle-endian -mcpu=v9.5 -mxl-soft-mul -Wl,--no-relax -MMD -MP -MF"src/main.d" -MT"src/main.d" -o "src/main.o" "../src/main.c"
../src/main.c: In function 'displayRegion':
../src/main.c:51:1: warning: control reaches end of non-void function [-Wreturn-type]
 }
 ^
Finished building: ../src/main.c
 
Building target: Traffic_Light.elf
Invoking: MicroBlaze gcc linker
mb-gcc -Wl,-T -Wl,../src/lscript.ld -L../../Traffic_Light_bsp/microblaze_0/lib -mlittle-endian -mcpu=v9.5 -mxl-soft-mul -Wl,--no-relax -o "Traffic_Light.elf"  ./src/gpio_init.o ./src/main.o ./src/platform.o   -Wl,--start-group,-lxil,-lgcc,-lc,--end-group
Finished building target: Traffic_Light.elf
 
Invoking: MicroBlaze Print Size
mb-size Traffic_Light.elf  |tee "Traffic_Light.elf.size"
   text	   data	    bss	    dec	    hex	filename
  11216	    680	   2472	  14368	   3820	Traffic_Light.elf
Finished building: Traffic_Light.elf.size
 
15:49:34 **** Auto Build of configuration Debug for project Traffic_Light ****
make all 
Building file: ../src/main.c
Invoking: MicroBlaze gcc compiler
mb-gcc -Wall -O0 -g3 -c -fmessage-length=0 -MT"src/main.o" -I../../Traffic_Light_bsp/microblaze_0/include -mlittle-endian -mcpu=v9.5 -mxl-soft-mul -Wl,--no-relax -MMD -MP -MF"src/main.d" -MT"src/main.d" -o "src/main.o" "../src/main.c"
../src/main.c: In function 'displayRegion':
../src/main.c:49:3: warning: implicit declaration of function 'delay' [-Wimplicit-function-declaration]
   delay(1000);
   ^
../src/main.c:52:1: warning: control reaches end of non-void function [-Wreturn-type]
 }
 ^
Finished building: ../src/main.c
 
Building target: Traffic_Light.elf
Invoking: MicroBlaze gcc linker
mb-gcc -Wl,-T -Wl,../src/lscript.ld -L../../Traffic_Light_bsp/microblaze_0/lib -mlittle-endian -mcpu=v9.5 -mxl-soft-mul -Wl,--no-relax -o "Traffic_Light.elf"  ./src/gpio_init.o ./src/main.o ./src/platform.o   -Wl,--start-group,-lxil,-lgcc,-lc,--end-group
./src/main.o: In function `displayRegion':
C:\Users\Will\Desktop\Assessment_2_Traffic_Light\es3_hw_assmnt_2\es3_hw_assmnt_2.sdk\Traffic_Light\Debug/../src/main.c:49: undefined reference to `delay'
collect2.exe: error: ld returned 1 exit status
make: *** [Traffic_Light.elf] Error 1
15:49:36 **** Incremental Build of configuration Debug for project Traffic_Light ****
make all 
Building target: Traffic_Light.elf
Invoking: MicroBlaze gcc linker
mb-gcc -Wl,-T -Wl,../src/lscript.ld -L../../Traffic_Light_bsp/microblaze_0/lib -mlittle-endian -mcpu=v9.5 -mxl-soft-mul -Wl,--no-relax -o "Traffic_Light.elf"  ./src/gpio_init.o ./src/main.o ./src/platform.o   -Wl,--start-group,-lxil,-lgcc,-lc,--end-group
./src/main.o: In function `displayRegion':
C:\Users\Will\Desktop\Assessment_2_Traffic_Light\es3_hw_assmnt_2\es3_hw_assmnt_2.sdk\Traffic_Light\Debug/../src/main.c:49: undefined reference to `delay'
collect2.exe: error: ld returned 1 exit status
make: *** [Traffic_Light.elf] Error 1
15:49:49 **** Auto Build of configuration Debug for project Traffic_Light ****
make all 
Building file: ../src/main.c
Invoking: MicroBlaze gcc compiler
mb-gcc -Wall -O0 -g3 -c -fmessage-length=0 -MT"src/main.o" -I../../Traffic_Light_bsp/microblaze_0/include -mlittle-endian -mcpu=v9.5 -mxl-soft-mul -Wl,--no-relax -MMD -MP -MF"src/main.d" -MT"src/main.d" -o "src/main.o" "../src/main.c"
../src/main.c: In function 'displayRegion':
../src/main.c:49:3: warning: implicit declaration of function 'delay' [-Wimplicit-function-declaration]
   delay(1000);
   ^
../src/main.c:52:1: warning: control reaches end of non-void function [-Wreturn-type]
 }
 ^
Finished building: ../src/main.c
 
Building target: Traffic_Light.elf
Invoking: MicroBlaze gcc linker
mb-gcc -Wl,-T -Wl,../src/lscript.ld -L../../Traffic_Light_bsp/microblaze_0/lib -mlittle-endian -mcpu=v9.5 -mxl-soft-mul -Wl,--no-relax -o "Traffic_Light.elf"  ./src/gpio_init.o ./src/main.o ./src/platform.o   -Wl,--start-group,-lxil,-lgcc,-lc,--end-group
./src/main.o: In function `displayRegion':
C:\Users\Will\Desktop\Assessment_2_Traffic_Light\es3_hw_assmnt_2\es3_hw_assmnt_2.sdk\Traffic_Light\Debug/../src/main.c:49: undefined reference to `delay'
collect2.exe: error: ld returned 1 exit status
make: *** [Traffic_Light.elf] Error 1
15:50:07 **** Auto Build of configuration Debug for project Traffic_Light ****
make all 
Building file: ../src/main.c
Invoking: MicroBlaze gcc compiler
mb-gcc -Wall -O0 -g3 -c -fmessage-length=0 -MT"src/main.o" -I../../Traffic_Light_bsp/microblaze_0/include -mlittle-endian -mcpu=v9.5 -mxl-soft-mul -Wl,--no-relax -MMD -MP -MF"src/main.d" -MT"src/main.d" -o "src/main.o" "../src/main.c"
../src/main.c: In function 'displayRegion':
../src/main.c:49:3: warning: implicit declaration of function 'delay' [-Wimplicit-function-declaration]
   delay(1000);
   ^
../src/main.c:52:1: warning: control reaches end of non-void function [-Wreturn-type]
 }
 ^
Finished building: ../src/main.c
 
Building target: Traffic_Light.elf
Invoking: MicroBlaze gcc linker
mb-gcc -Wl,-T -Wl,../src/lscript.ld -L../../Traffic_Light_bsp/microblaze_0/lib -mlittle-endian -mcpu=v9.5 -mxl-soft-mul -Wl,--no-relax -o "Traffic_Light.elf"  ./src/gpio_init.o ./src/main.o ./src/platform.o   -Wl,--start-group,-lxil,-lgcc,-lc,--end-group
./src/main.o: In function `displayRegion':
C:\Users\Will\Desktop\Assessment_2_Traffic_Light\es3_hw_assmnt_2\es3_hw_assmnt_2.sdk\Traffic_Light\Debug/../src/main.c:49: undefined reference to `delay'
collect2.exe: error: ld returned 1 exit status
make: *** [Traffic_Light.elf] Error 1
15:51:48 **** Auto Build of configuration Debug for project Traffic_Light ****
make all 
Building file: ../src/main.c
Invoking: MicroBlaze gcc compiler
mb-gcc -Wall -O0 -g3 -c -fmessage-length=0 -MT"src/main.o" -I../../Traffic_Light_bsp/microblaze_0/include -mlittle-endian -mcpu=v9.5 -mxl-soft-mul -Wl,--no-relax -MMD -MP -MF"src/main.d" -MT"src/main.d" -o "src/main.o" "../src/main.c"
../src/main.c: In function 'displayRegion':
../src/main.c:51:1: warning: control reaches end of non-void function [-Wreturn-type]
 }
 ^
Finished building: ../src/main.c
 
Building target: Traffic_Light.elf
Invoking: MicroBlaze gcc linker
mb-gcc -Wl,-T -Wl,../src/lscript.ld -L../../Traffic_Light_bsp/microblaze_0/lib -mlittle-endian -mcpu=v9.5 -mxl-soft-mul -Wl,--no-relax -o "Traffic_Light.elf"  ./src/gpio_init.o ./src/main.o ./src/platform.o   -Wl,--start-group,-lxil,-lgcc,-lc,--end-group
Finished building target: Traffic_Light.elf
 
Invoking: MicroBlaze Print Size
mb-size Traffic_Light.elf  |tee "Traffic_Light.elf.size"
   text	   data	    bss	    dec	    hex	filename
  11236	    680	   2476	  14392	   3838	Traffic_Light.elf
Finished building: Traffic_Light.elf.size
 
15:51:50 **** Incremental Build of configuration Debug for project Traffic_Light ****
make all 
make: Nothing to be done for `all'.
15:53:31 **** Auto Build of configuration Debug for project Traffic_Light ****
make all 
Building file: ../src/gpio_init.c
Invoking: MicroBlaze gcc compiler
mb-gcc -Wall -O0 -g3 -c -fmessage-length=0 -MT"src/gpio_init.o" -I../../Traffic_Light_bsp/microblaze_0/include -mlittle-endian -mcpu=v9.5 -mxl-soft-mul -Wl,--no-relax -MMD -MP -MF"src/gpio_init.d" -MT"src/gpio_init.d" -o "src/gpio_init.o" "../src/gpio_init.c"
Finished building: ../src/gpio_init.c
 
Building target: Traffic_Light.elf
Invoking: MicroBlaze gcc linker
mb-gcc -Wl,-T -Wl,../src/lscript.ld -L../../Traffic_Light_bsp/microblaze_0/lib -mlittle-endian -mcpu=v9.5 -mxl-soft-mul -Wl,--no-relax -o "Traffic_Light.elf"  ./src/gpio_init.o ./src/main.o ./src/platform.o   -Wl,--start-group,-lxil,-lgcc,-lc,--end-group
Finished building target: Traffic_Light.elf
 
Invoking: MicroBlaze Print Size
mb-size Traffic_Light.elf  |tee "Traffic_Light.elf.size"
   text	   data	    bss	    dec	    hex	filename
  11236	    680	   2476	  14392	   3838	Traffic_Light.elf
Finished building: Traffic_Light.elf.size
 
15:53:32 **** Incremental Build of configuration Debug for project Traffic_Light ****
make all 
make: Nothing to be done for `all'.
15:53:49 **** Auto Build of configuration Debug for project Traffic_Light ****
make all 
Building file: ../src/main.c
Invoking: MicroBlaze gcc compiler
mb-gcc -Wall -O0 -g3 -c -fmessage-length=0 -MT"src/main.o" -I../../Traffic_Light_bsp/microblaze_0/include -mlittle-endian -mcpu=v9.5 -mxl-soft-mul -Wl,--no-relax -MMD -MP -MF"src/main.d" -MT"src/main.d" -o "src/main.o" "../src/main.c"
../src/main.c: In function 'displayRegion':
../src/main.c:51:1: warning: control reaches end of non-void function [-Wreturn-type]
 }
 ^
Finished building: ../src/main.c
 
Building target: Traffic_Light.elf
Invoking: MicroBlaze gcc linker
mb-gcc -Wl,-T -Wl,../src/lscript.ld -L../../Traffic_Light_bsp/microblaze_0/lib -mlittle-endian -mcpu=v9.5 -mxl-soft-mul -Wl,--no-relax -o "Traffic_Light.elf"  ./src/gpio_init.o ./src/main.o ./src/platform.o   -Wl,--start-group,-lxil,-lgcc,-lc,--end-group
Finished building target: Traffic_Light.elf
 
Invoking: MicroBlaze Print Size
mb-size Traffic_Light.elf  |tee "Traffic_Light.elf.size"
   text	   data	    bss	    dec	    hex	filename
  11236	    680	   2476	  14392	   3838	Traffic_Light.elf
Finished building: Traffic_Light.elf.size
 
15:53:51 **** Incremental Build of configuration Debug for project Traffic_Light ****
make all 
make: Nothing to be done for `all'.
15:55:48 **** Auto Build of configuration Debug for project Traffic_Light ****
make all 
Building file: ../src/main.c
Invoking: MicroBlaze gcc compiler
mb-gcc -Wall -O0 -g3 -c -fmessage-length=0 -MT"src/main.o" -I../../Traffic_Light_bsp/microblaze_0/include -mlittle-endian -mcpu=v9.5 -mxl-soft-mul -Wl,--no-relax -MMD -MP -MF"src/main.d" -MT"src/main.d" -o "src/main.o" "../src/main.c"
../src/main.c: In function 'displayRegion':
../src/main.c:48:34: error: invalid suffix "b111100000000" on integer constant
   XGpio_DiscreteWrite(&region,1, 12b111100000000);
                                  ^
../src/main.c:51:1: warning: control reaches end of non-void function [-Wreturn-type]
 }
 ^
make: *** [src/main.o] Error 1
15:55:58 **** Auto Build of configuration Debug for project Traffic_Light ****
make all 
Building file: ../src/main.c
Invoking: MicroBlaze gcc compiler
mb-gcc -Wall -O0 -g3 -c -fmessage-length=0 -MT"src/main.o" -I../../Traffic_Light_bsp/microblaze_0/include -mlittle-endian -mcpu=v9.5 -mxl-soft-mul -Wl,--no-relax -MMD -MP -MF"src/main.d" -MT"src/main.d" -o "src/main.o" "../src/main.c"
../src/main.c: In function 'displayRegion':
../src/main.c:48:34: error: 'b111100000000' undeclared (first use in this function)
   XGpio_DiscreteWrite(&region,1, b111100000000);
                                  ^
../src/main.c:48:34: note: each undeclared identifier is reported only once for each function it appears in
../src/main.c:51:1: warning: control reaches end of non-void function [-Wreturn-type]
 }
 ^
make: *** [src/main.o] Error 1
15:56:42 **** Auto Build of configuration Debug for project Traffic_Light ****
make all 
Building file: ../src/main.c
Invoking: MicroBlaze gcc compiler
mb-gcc -Wall -O0 -g3 -c -fmessage-length=0 -MT"src/main.o" -I../../Traffic_Light_bsp/microblaze_0/include -mlittle-endian -mcpu=v9.5 -mxl-soft-mul -Wl,--no-relax -MMD -MP -MF"src/main.d" -MT"src/main.d" -o "src/main.o" "../src/main.c"
../src/main.c: In function 'displayRegion':
../src/main.c:48:34: error: 'F00' undeclared (first use in this function)
   XGpio_DiscreteWrite(&region,1, F00);
                                  ^
../src/main.c:48:34: note: each undeclared identifier is reported only once for each function it appears in
../src/main.c:51:1: warning: control reaches end of non-void function [-Wreturn-type]
 }
 ^
make: *** [src/main.o] Error 1
15:56:46 **** Auto Build of configuration Debug for project Traffic_Light ****
make all 
Building file: ../src/main.c
Invoking: MicroBlaze gcc compiler
mb-gcc -Wall -O0 -g3 -c -fmessage-length=0 -MT"src/main.o" -I../../Traffic_Light_bsp/microblaze_0/include -mlittle-endian -mcpu=v9.5 -mxl-soft-mul -Wl,--no-relax -MMD -MP -MF"src/main.d" -MT"src/main.d" -o "src/main.o" "../src/main.c"
../src/main.c: In function 'displayRegion':
../src/main.c:51:1: warning: control reaches end of non-void function [-Wreturn-type]
 }
 ^
Finished building: ../src/main.c
 
Building target: Traffic_Light.elf
Invoking: MicroBlaze gcc linker
mb-gcc -Wl,-T -Wl,../src/lscript.ld -L../../Traffic_Light_bsp/microblaze_0/lib -mlittle-endian -mcpu=v9.5 -mxl-soft-mul -Wl,--no-relax -o "Traffic_Light.elf"  ./src/gpio_init.o ./src/main.o ./src/platform.o   -Wl,--start-group,-lxil,-lgcc,-lc,--end-group
Finished building target: Traffic_Light.elf
 
Invoking: MicroBlaze Print Size
mb-size Traffic_Light.elf  |tee "Traffic_Light.elf.size"
   text	   data	    bss	    dec	    hex	filename
  11236	    680	   2476	  14392	   3838	Traffic_Light.elf
Finished building: Traffic_Light.elf.size
 
15:56:48 **** Incremental Build of configuration Debug for project Traffic_Light ****
make all 
make: Nothing to be done for `all'.
15:59:03 **** Auto Build of configuration Debug for project Traffic_Light ****
make all 
Building file: ../src/main.c
Invoking: MicroBlaze gcc compiler
mb-gcc -Wall -O0 -g3 -c -fmessage-length=0 -MT"src/main.o" -I../../Traffic_Light_bsp/microblaze_0/include -mlittle-endian -mcpu=v9.5 -mxl-soft-mul -Wl,--no-relax -MMD -MP -MF"src/main.d" -MT"src/main.d" -o "src/main.o" "../src/main.c"
../src/main.c: In function 'displayRegion':
../src/main.c:55:4: warning: implicit declaration of function 'Gpio_DiscreteWrite' [-Wimplicit-function-declaration]
    Gpio_DiscreteWrite(&region,1, 0x00F);
    ^
../src/main.c:59:1: warning: control reaches end of non-void function [-Wreturn-type]
 }
 ^
Finished building: ../src/main.c
 
Building target: Traffic_Light.elf
Invoking: MicroBlaze gcc linker
mb-gcc -Wl,-T -Wl,../src/lscript.ld -L../../Traffic_Light_bsp/microblaze_0/lib -mlittle-endian -mcpu=v9.5 -mxl-soft-mul -Wl,--no-relax -o "Traffic_Light.elf"  ./src/gpio_init.o ./src/main.o ./src/platform.o   -Wl,--start-group,-lxil,-lgcc,-lc,--end-group
./src/main.o: In function `displayRegion':
C:\Users\Will\Desktop\Assessment_2_Traffic_Light\es3_hw_assmnt_2\es3_hw_assmnt_2.sdk\Traffic_Light\Debug/../src/main.c:55: undefined reference to `Gpio_DiscreteWrite'
collect2.exe: error: ld returned 1 exit status
make: *** [Traffic_Light.elf] Error 1
15:59:04 **** Incremental Build of configuration Debug for project Traffic_Light ****
make all 
Building target: Traffic_Light.elf
Invoking: MicroBlaze gcc linker
mb-gcc -Wl,-T -Wl,../src/lscript.ld -L../../Traffic_Light_bsp/microblaze_0/lib -mlittle-endian -mcpu=v9.5 -mxl-soft-mul -Wl,--no-relax -o "Traffic_Light.elf"  ./src/gpio_init.o ./src/main.o ./src/platform.o   -Wl,--start-group,-lxil,-lgcc,-lc,--end-group
./src/main.o: In function `displayRegion':
C:\Users\Will\Desktop\Assessment_2_Traffic_Light\es3_hw_assmnt_2\es3_hw_assmnt_2.sdk\Traffic_Light\Debug/../src/main.c:55: undefined reference to `Gpio_DiscreteWrite'
collect2.exe: error: ld returned 1 exit status
make: *** [Traffic_Light.elf] Error 1
15:59:31 **** Auto Build of configuration Debug for project Traffic_Light ****
make all 
Building file: ../src/main.c
Invoking: MicroBlaze gcc compiler
mb-gcc -Wall -O0 -g3 -c -fmessage-length=0 -MT"src/main.o" -I../../Traffic_Light_bsp/microblaze_0/include -mlittle-endian -mcpu=v9.5 -mxl-soft-mul -Wl,--no-relax -MMD -MP -MF"src/main.d" -MT"src/main.d" -o "src/main.o" "../src/main.c"
../src/main.c: In function 'displayRegion':
../src/main.c:59:1: warning: control reaches end of non-void function [-Wreturn-type]
 }
 ^
Finished building: ../src/main.c
 
Building target: Traffic_Light.elf
Invoking: MicroBlaze gcc linker
mb-gcc -Wl,-T -Wl,../src/lscript.ld -L../../Traffic_Light_bsp/microblaze_0/lib -mlittle-endian -mcpu=v9.5 -mxl-soft-mul -Wl,--no-relax -o "Traffic_Light.elf"  ./src/gpio_init.o ./src/main.o ./src/platform.o   -Wl,--start-group,-lxil,-lgcc,-lc,--end-group
Finished building target: Traffic_Light.elf
 
Invoking: MicroBlaze Print Size
mb-size Traffic_Light.elf  |tee "Traffic_Light.elf.size"
   text	   data	    bss	    dec	    hex	filename
  11340	    680	   2476	  14496	   38a0	Traffic_Light.elf
Finished building: Traffic_Light.elf.size
 
15:59:33 **** Incremental Build of configuration Debug for project Traffic_Light ****
make all 
make: Nothing to be done for `all'.
15:59:36 **** Incremental Build of configuration Debug for project Traffic_Light ****
make all 
make: Nothing to be done for `all'.
16:00:10 **** Incremental Build of configuration Debug for project Traffic_Light ****
make all 
make: Nothing to be done for `all'.
16:00:33 **** Incremental Build of configuration Debug for project Traffic_Light ****
make all 
make: Nothing to be done for `all'.
16:02:06 **** Incremental Build of configuration Debug for project Traffic_Light ****
make all 
make: Nothing to be done for `all'.
16:03:56 **** Incremental Build of configuration Debug for project Traffic_Light ****
make all 
make: Nothing to be done for `all'.
16:23:52 **** Auto Build of configuration Debug for project Traffic_Light ****
make all 
Building file: ../src/seg7_display.c
Invoking: MicroBlaze gcc compiler
mb-gcc -Wall -O0 -g3 -c -fmessage-length=0 -MT"src/seg7_display.o" -I../../Traffic_Light_bsp/microblaze_0/include -mlittle-endian -mcpu=v9.5 -mxl-soft-mul -Wl,--no-relax -MMD -MP -MF"src/seg7_display.d" -MT"src/seg7_display.d" -o "src/seg7_display.o" "../src/seg7_display.c"
Finished building: ../src/seg7_display.c
 
Building target: Traffic_Light.elf
Invoking: MicroBlaze gcc linker
mb-gcc -Wl,-T -Wl,../src/lscript.ld -L../../Traffic_Light_bsp/microblaze_0/lib -mlittle-endian -mcpu=v9.5 -mxl-soft-mul -Wl,--no-relax -o "Traffic_Light.elf"  ./src/gpio_init.o ./src/main.o ./src/platform.o ./src/seg7_display.o   -Wl,--start-group,-lxil,-lgcc,-lc,--end-group
Finished building target: Traffic_Light.elf
 
Invoking: MicroBlaze Print Size
mb-size Traffic_Light.elf  |tee "Traffic_Light.elf.size"
   text	   data	    bss	    dec	    hex	filename
  11340	    680	   2476	  14496	   38a0	Traffic_Light.elf
Finished building: Traffic_Light.elf.size
 
16:24:05 **** Auto Build of configuration Debug for project Traffic_Light ****
make all 
make: Nothing to be done for `all'.
16:24:23 **** Auto Build of configuration Debug for project Traffic_Light ****
make all 
Building file: ../src/seg7_display.c
Invoking: MicroBlaze gcc compiler
mb-gcc -Wall -O0 -g3 -c -fmessage-length=0 -MT"src/seg7_display.o" -I../../Traffic_Light_bsp/microblaze_0/include -mlittle-endian -mcpu=v9.5 -mxl-soft-mul -Wl,--no-relax -MMD -MP -MF"src/seg7_display.d" -MT"src/seg7_display.d" -o "src/seg7_display.o" "../src/seg7_display.c"
../src/seg7_display.c: In function 'displayNumber':
../src/seg7_display.c:22:4: warning: implicit declaration of function 'calculateDigits' [-Wimplicit-function-declaration]
    calculateDigits(number);
    ^
../src/seg7_display.c:49:21: error: 'NUMBER_DASH' undeclared (first use in this function)
    digitToDisplay = NUMBER_DASH;
                     ^
../src/seg7_display.c:49:21: note: each undeclared identifier is reported only once for each function it appears in
../src/seg7_display.c: At top level:
../src/seg7_display.c:61:6: warning: conflicting types for 'calculateDigits'
 void calculateDigits(u16 number)
      ^
../src/seg7_display.c:22:4: note: previous implicit declaration of 'calculateDigits' was here
    calculateDigits(number);
    ^
../src/seg7_display.c: In function 'displayDigit':
../src/seg7_display.c:124:8: error: 'NUMBER_BLANK' undeclared (first use in this function)
   case NUMBER_BLANK :
        ^
../src/seg7_display.c:125:25: error: 'SEG7_HEX_OUT' undeclared (first use in this function)
    XGpio_DiscreteWrite(&SEG7_HEX_OUT, 1, DIGIT_BLANK);
                         ^
../src/seg7_display.c:125:42: error: 'DIGIT_BLANK' undeclared (first use in this function)
    XGpio_DiscreteWrite(&SEG7_HEX_OUT, 1, DIGIT_BLANK);
                                          ^
../src/seg7_display.c:128:42: error: 'DIGIT_ZERO' undeclared (first use in this function)
    XGpio_DiscreteWrite(&SEG7_HEX_OUT, 1, DIGIT_ZERO);
                                          ^
../src/seg7_display.c:131:42: error: 'DIGIT_ONE' undeclared (first use in this function)
    XGpio_DiscreteWrite(&SEG7_HEX_OUT, 1, DIGIT_ONE);
                                          ^
../src/seg7_display.c:134:42: error: 'DIGIT_TWO' undeclared (first use in this function)
    XGpio_DiscreteWrite(&SEG7_HEX_OUT, 1, DIGIT_TWO);
                                          ^
../src/seg7_display.c:137:42: error: 'DIGIT_THREE' undeclared (first use in this function)
    XGpio_DiscreteWrite(&SEG7_HEX_OUT, 1, DIGIT_THREE);
                                          ^
../src/seg7_display.c:140:42: error: 'DIGIT_FOUR' undeclared (first use in this function)
    XGpio_DiscreteWrite(&SEG7_HEX_OUT, 1, DIGIT_FOUR);
                                          ^
../src/seg7_display.c:143:42: error: 'DIGIT_FIVE' undeclared (first use in this function)
    XGpio_DiscreteWrite(&SEG7_HEX_OUT, 1, DIGIT_FIVE);
                                          ^
../src/seg7_display.c:146:42: error: 'DIGIT_SIX' undeclared (first use in this function)
    XGpio_DiscreteWrite(&SEG7_HEX_OUT, 1, DIGIT_SIX);
                                          ^
../src/seg7_display.c:149:42: error: 'DIGIT_SEVEN' undeclared (first use in this function)
    XGpio_DiscreteWrite(&SEG7_HEX_OUT, 1, DIGIT_SEVEN);
                                          ^
../src/seg7_display.c:152:42: error: 'DIGIT_EIGHT' undeclared (first use in this function)
    XGpio_DiscreteWrite(&SEG7_HEX_OUT, 1, DIGIT_EIGHT);
                                          ^
../src/seg7_display.c:155:42: error: 'DIGIT_NINE' undeclared (first use in this function)
    XGpio_DiscreteWrite(&SEG7_HEX_OUT, 1, DIGIT_NINE);
                                          ^
../src/seg7_display.c:157:8: error: 'NUMBER_DASH' undeclared (first use in this function)
   case NUMBER_DASH :
        ^
../src/seg7_display.c:158:42: error: 'DIGIT_DASH' undeclared (first use in this function)
    XGpio_DiscreteWrite(&SEG7_HEX_OUT, 1, DIGIT_DASH);
                                          ^
../src/seg7_display.c:166:24: error: 'SEG7_SEL_OUT' undeclared (first use in this function)
   XGpio_DiscreteWrite(&SEG7_SEL_OUT, 1, EN_FIRST_SEG);
                        ^
../src/seg7_display.c:166:41: error: 'EN_FIRST_SEG' undeclared (first use in this function)
   XGpio_DiscreteWrite(&SEG7_SEL_OUT, 1, EN_FIRST_SEG);
                                         ^
../src/seg7_display.c:169:41: error: 'EN_SECOND_SEG' undeclared (first use in this function)
   XGpio_DiscreteWrite(&SEG7_SEL_OUT, 1, EN_SECOND_SEG);
                                         ^
../src/seg7_display.c:172:41: error: 'EN_THIRD_SEG' undeclared (first use in this function)
   XGpio_DiscreteWrite(&SEG7_SEL_OUT, 1, EN_THIRD_SEG);
                                         ^
../src/seg7_display.c:175:41: error: 'EN_FOURTH_SEG' undeclared (first use in this function)
   XGpio_DiscreteWrite(&SEG7_SEL_OUT, 1, EN_FOURTH_SEG);
                                         ^
make: *** [src/seg7_display.o] Error 1
16:24:50 **** Auto Build of configuration Debug for project Traffic_Light ****
make all 
Building file: ../src/seg7_display.c
Invoking: MicroBlaze gcc compiler
mb-gcc -Wall -O0 -g3 -c -fmessage-length=0 -MT"src/seg7_display.o" -I../../Traffic_Light_bsp/microblaze_0/include -mlittle-endian -mcpu=v9.5 -mxl-soft-mul -Wl,--no-relax -MMD -MP -MF"src/seg7_display.d" -MT"src/seg7_display.d" -o "src/seg7_display.o" "../src/seg7_display.c"
../src/seg7_display.c: In function 'displayDigit':
../src/seg7_display.c:125:25: error: 'SEG7_HEX_OUT' undeclared (first use in this function)
    XGpio_DiscreteWrite(&SEG7_HEX_OUT, 1, DIGIT_BLANK);
                         ^
../src/seg7_display.c:125:25: note: each undeclared identifier is reported only once for each function it appears in
../src/seg7_display.c:166:24: error: 'SEG7_SEL_OUT' undeclared (first use in this function)
   XGpio_DiscreteWrite(&SEG7_SEL_OUT, 1, EN_FIRST_SEG);
                        ^
make: *** [src/seg7_display.o] Error 1
16:26:46 **** Auto Build of configuration Debug for project Traffic_Light ****
make all 
Building file: ../src/gpio_init.c
Invoking: MicroBlaze gcc compiler
mb-gcc -Wall -O0 -g3 -c -fmessage-length=0 -MT"src/gpio_init.o" -I../../Traffic_Light_bsp/microblaze_0/include -mlittle-endian -mcpu=v9.5 -mxl-soft-mul -Wl,--no-relax -MMD -MP -MF"src/gpio_init.d" -MT"src/gpio_init.d" -o "src/gpio_init.o" "../src/gpio_init.c"
../src/gpio_init.c: In function 'initGpio':
../src/gpio_init.c:38:29: error: 'SEG7_HEX_OUT' undeclared (first use in this function)
  status = XGpio_Initialize(&SEG7_HEX_OUT, 0);
                             ^
../src/gpio_init.c:38:29: note: each undeclared identifier is reported only once for each function it appears in
../src/gpio_init.c:45:29: error: 'SEG7_SEL_OUT' undeclared (first use in this function)
  status = XGpio_Initialize(&SEG7_SEL_OUT, 1);
                             ^
make: *** [src/gpio_init.o] Error 1
16:27:14 **** Auto Build of configuration Debug for project Traffic_Light ****
make all 
Building file: ../src/gpio_init.c
Invoking: MicroBlaze gcc compiler
mb-gcc -Wall -O0 -g3 -c -fmessage-length=0 -MT"src/gpio_init.o" -I../../Traffic_Light_bsp/microblaze_0/include -mlittle-endian -mcpu=v9.5 -mxl-soft-mul -Wl,--no-relax -MMD -MP -MF"src/gpio_init.d" -MT"src/gpio_init.d" -o "src/gpio_init.o" "../src/gpio_init.c"
Finished building: ../src/gpio_init.c
 
Building file: ../src/main.c
Invoking: MicroBlaze gcc compiler
mb-gcc -Wall -O0 -g3 -c -fmessage-length=0 -MT"src/main.o" -I../../Traffic_Light_bsp/microblaze_0/include -mlittle-endian -mcpu=v9.5 -mxl-soft-mul -Wl,--no-relax -MMD -MP -MF"src/main.d" -MT"src/main.d" -o "src/main.o" "../src/main.c"
../src/main.c: In function 'displayRegion':
../src/main.c:59:1: warning: control reaches end of non-void function [-Wreturn-type]
 }
 ^
Finished building: ../src/main.c
 
Building file: ../src/seg7_display.c
Invoking: MicroBlaze gcc compiler
mb-gcc -Wall -O0 -g3 -c -fmessage-length=0 -MT"src/seg7_display.o" -I../../Traffic_Light_bsp/microblaze_0/include -mlittle-endian -mcpu=v9.5 -mxl-soft-mul -Wl,--no-relax -MMD -MP -MF"src/seg7_display.d" -MT"src/seg7_display.d" -o "src/seg7_display.o" "../src/seg7_display.c"
Finished building: ../src/seg7_display.c
 
Building target: Traffic_Light.elf
Invoking: MicroBlaze gcc linker
mb-gcc -Wl,-T -Wl,../src/lscript.ld -L../../Traffic_Light_bsp/microblaze_0/lib -mlittle-endian -mcpu=v9.5 -mxl-soft-mul -Wl,--no-relax -o "Traffic_Light.elf"  ./src/gpio_init.o ./src/main.o ./src/platform.o ./src/seg7_display.o   -Wl,--start-group,-lxil,-lgcc,-lc,--end-group
Finished building target: Traffic_Light.elf
 
Invoking: MicroBlaze Print Size
mb-size Traffic_Light.elf  |tee "Traffic_Light.elf.size"
   text	   data	    bss	    dec	    hex	filename
  17380	    680	   2524	  20584	   5068	Traffic_Light.elf
Finished building: Traffic_Light.elf.size
 
16:28:08 **** Auto Build of configuration Debug for project Traffic_Light ****
make all 
Building file: ../src/main.c
Invoking: MicroBlaze gcc compiler
mb-gcc -Wall -O0 -g3 -c -fmessage-length=0 -MT"src/main.o" -I../../Traffic_Light_bsp/microblaze_0/include -mlittle-endian -mcpu=v9.5 -mxl-soft-mul -Wl,--no-relax -MMD -MP -MF"src/main.d" -MT"src/main.d" -o "src/main.o" "../src/main.c"
Finished building: ../src/main.c
 
Building target: Traffic_Light.elf
Invoking: MicroBlaze gcc linker
mb-gcc -Wl,-T -Wl,../src/lscript.ld -L../../Traffic_Light_bsp/microblaze_0/lib -mlittle-endian -mcpu=v9.5 -mxl-soft-mul -Wl,--no-relax -o "Traffic_Light.elf"  ./src/gpio_init.o ./src/main.o ./src/platform.o ./src/seg7_display.o   -Wl,--start-group,-lxil,-lgcc,-lc,--end-group
Finished building target: Traffic_Light.elf
 
Invoking: MicroBlaze Print Size
mb-size Traffic_Light.elf  |tee "Traffic_Light.elf.size"
   text	   data	    bss	    dec	    hex	filename
  17384	    680	   2520	  20584	   5068	Traffic_Light.elf
Finished building: Traffic_Light.elf.size
 
16:28:29 **** Auto Build of configuration Debug for project Traffic_Light ****
make all 
Building file: ../src/main.c
Invoking: MicroBlaze gcc compiler
mb-gcc -Wall -O0 -g3 -c -fmessage-length=0 -MT"src/main.o" -I../../Traffic_Light_bsp/microblaze_0/include -mlittle-endian -mcpu=v9.5 -mxl-soft-mul -Wl,--no-relax -MMD -MP -MF"src/main.d" -MT"src/main.d" -o "src/main.o" "../src/main.c"
Finished building: ../src/main.c
 
Building target: Traffic_Light.elf
Invoking: MicroBlaze gcc linker
mb-gcc -Wl,-T -Wl,../src/lscript.ld -L../../Traffic_Light_bsp/microblaze_0/lib -mlittle-endian -mcpu=v9.5 -mxl-soft-mul -Wl,--no-relax -o "Traffic_Light.elf"  ./src/gpio_init.o ./src/main.o ./src/platform.o ./src/seg7_display.o   -Wl,--start-group,-lxil,-lgcc,-lc,--end-group
Finished building target: Traffic_Light.elf
 
Invoking: MicroBlaze Print Size
mb-size Traffic_Light.elf  |tee "Traffic_Light.elf.size"
   text	   data	    bss	    dec	    hex	filename
  17380	    680	   2524	  20584	   5068	Traffic_Light.elf
Finished building: Traffic_Light.elf.size
 
16:30:18 **** Auto Build of configuration Debug for project Traffic_Light ****
make all 
Building file: ../src/main.c
Invoking: MicroBlaze gcc compiler
mb-gcc -Wall -O0 -g3 -c -fmessage-length=0 -MT"src/main.o" -I../../Traffic_Light_bsp/microblaze_0/include -mlittle-endian -mcpu=v9.5 -mxl-soft-mul -Wl,--no-relax -MMD -MP -MF"src/main.d" -MT"src/main.d" -o "src/main.o" "../src/main.c"
../src/main.c: In function 'main':
../src/main.c:73:7: warning: implicit declaration of function 'displayNumber' [-Wimplicit-function-declaration]
       displayNumber(10);
       ^
Finished building: ../src/main.c
 
Building target: Traffic_Light.elf
Invoking: MicroBlaze gcc linker
mb-gcc -Wl,-T -Wl,../src/lscript.ld -L../../Traffic_Light_bsp/microblaze_0/lib -mlittle-endian -mcpu=v9.5 -mxl-soft-mul -Wl,--no-relax -o "Traffic_Light.elf"  ./src/gpio_init.o ./src/main.o ./src/platform.o ./src/seg7_display.o   -Wl,--start-group,-lxil,-lgcc,-lc,--end-group
Finished building target: Traffic_Light.elf
 
Invoking: MicroBlaze Print Size
mb-size Traffic_Light.elf  |tee "Traffic_Light.elf.size"
   text	   data	    bss	    dec	    hex	filename
  17396	    680	   2524	  20600	   5078	Traffic_Light.elf
Finished building: Traffic_Light.elf.size
 
16:30:21 **** Incremental Build of configuration Debug for project Traffic_Light ****
make all 
make: Nothing to be done for `all'.
16:32:53 **** Auto Build of configuration Debug for project Traffic_Light ****
make all 
Building file: ../src/main.c
Invoking: MicroBlaze gcc compiler
mb-gcc -Wall -O0 -g3 -c -fmessage-length=0 -MT"src/main.o" -I../../Traffic_Light_bsp/microblaze_0/include -mlittle-endian -mcpu=v9.5 -mxl-soft-mul -Wl,--no-relax -MMD -MP -MF"src/main.d" -MT"src/main.d" -o "src/main.o" "../src/main.c"
../src/main.c: In function 'main':
[...]
make -C microblaze_0/libsrc/intc_v3_4/src -s libs  "SHELL=/bin/sh" "COMPILER=mb-gcc" "ARCHIVER=mb-ar" "COMPILER_FLAGS= -O2 -c -mcpu=v9.5 -mlittle-endian -mxl-soft-mul" "EXTRA_COMPILER_FLAGS=-g"
Compiling intc
Finished building libraries
09:06:04 **** Auto Build of configuration Debug for project Traffic_Light ****
make all 
Building file: ../src/gpio_init.c
Invoking: MicroBlaze gcc compiler
mb-gcc -Wall -O0 -g3 -c -fmessage-length=0 -MT"src/gpio_init.o" -I../../Traffic_Light_bsp/microblaze_0/include -mlittle-endian -mcpu=v9.5 -mxl-soft-mul -Wl,--no-relax -MMD -MP -MF"src/gpio_init.d" -MT"src/gpio_init.d" -o "src/gpio_init.o" "../src/gpio_init.c"
Finished building: ../src/gpio_init.c
 
Building file: ../src/main.c
Invoking: MicroBlaze gcc compiler
mb-gcc -Wall -O0 -g3 -c -fmessage-length=0 -MT"src/main.o" -I../../Traffic_Light_bsp/microblaze_0/include -mlittle-endian -mcpu=v9.5 -mxl-soft-mul -Wl,--no-relax -MMD -MP -MF"src/main.d" -MT"src/main.d" -o "src/main.o" "../src/main.c"
Finished building: ../src/main.c
 
Building file: ../src/platform.c
Invoking: MicroBlaze gcc compiler
mb-gcc -Wall -O0 -g3 -c -fmessage-length=0 -MT"src/platform.o" -I../../Traffic_Light_bsp/microblaze_0/include -mlittle-endian -mcpu=v9.5 -mxl-soft-mul -Wl,--no-relax -MMD -MP -MF"src/platform.d" -MT"src/platform.d" -o "src/platform.o" "../src/platform.c"
Finished building: ../src/platform.c
 
Building file: ../src/seg7_display.c
Invoking: MicroBlaze gcc compiler
mb-gcc -Wall -O0 -g3 -c -fmessage-length=0 -MT"src/seg7_display.o" -I../../Traffic_Light_bsp/microblaze_0/include -mlittle-endian -mcpu=v9.5 -mxl-soft-mul -Wl,--no-relax -MMD -MP -MF"src/seg7_display.d" -MT"src/seg7_display.d" -o "src/seg7_display.o" "../src/seg7_display.c"
Finished building: ../src/seg7_display.c
 
Building file: ../src/xinterruptES3.c
Invoking: MicroBlaze gcc compiler
mb-gcc -Wall -O0 -g3 -c -fmessage-length=0 -MT"src/xinterruptES3.o" -I../../Traffic_Light_bsp/microblaze_0/include -mlittle-endian -mcpu=v9.5 -mxl-soft-mul -Wl,--no-relax -MMD -MP -MF"src/xinterruptES3.d" -MT"src/xinterruptES3.d" -o "src/xinterruptES3.o" "../src/xinterruptES3.c"
Finished building: ../src/xinterruptES3.c
 
Building target: Traffic_Light.elf
Invoking: MicroBlaze gcc linker
mb-gcc -Wl,-T -Wl,../src/lscript.ld -L../../Traffic_Light_bsp/microblaze_0/lib -mlittle-endian -mcpu=v9.5 -mxl-soft-mul -Wl,--no-relax -o "Traffic_Light.elf"  ./src/gpio_init.o ./src/main.o ./src/platform.o ./src/seg7_display.o ./src/xinterruptES3.o   -Wl,--start-group,-lxil,-lgcc,-lc,--end-group
Finished building target: Traffic_Light.elf
 
Invoking: MicroBlaze Print Size
mb-size Traffic_Light.elf  |tee "Traffic_Light.elf.size"
   text	   data	    bss	    dec	    hex	filename
  15092	    696	   2548	  18336	   47a0	Traffic_Light.elf
Finished building: Traffic_Light.elf.size
 
09:09:44 **** Incremental Build of configuration Debug for project Traffic_Light ****
make all 
make: Nothing to be done for `all'.
09:25:22 **** Auto Build of configuration Debug for project Traffic_Light ****
make all 
Building file: ../src/main.c
Invoking: MicroBlaze gcc compiler
mb-gcc -Wall -O0 -g3 -c -fmessage-length=0 -MT"src/main.o" -I../../Traffic_Light_bsp/microblaze_0/include -mlittle-endian -mcpu=v9.5 -mxl-soft-mul -Wl,--no-relax -MMD -MP -MF"src/main.d" -MT"src/main.d" -o "src/main.o" "../src/main.c"
Finished building: ../src/main.c
 
Building target: Traffic_Light.elf
Invoking: MicroBlaze gcc linker
mb-gcc -Wl,-T -Wl,../src/lscript.ld -L../../Traffic_Light_bsp/microblaze_0/lib -mlittle-endian -mcpu=v9.5 -mxl-soft-mul -Wl,--no-relax -o "Traffic_Light.elf"  ./src/gpio_init.o ./src/main.o ./src/platform.o ./src/seg7_display.o ./src/xinterruptES3.o   -Wl,--start-group,-lxil,-lgcc,-lc,--end-group
Finished building target: Traffic_Light.elf
 
Invoking: MicroBlaze Print Size
mb-size Traffic_Light.elf  |tee "Traffic_Light.elf.size"
   text	   data	    bss	    dec	    hex	filename
  15092	    696	   2548	  18336	   47a0	Traffic_Light.elf
Finished building: Traffic_Light.elf.size
 
09:47:13 **** Auto Build of configuration Debug for project Traffic_Light ****
make all 
Building file: ../src/main.c
Invoking: MicroBlaze gcc compiler
mb-gcc -Wall -O0 -g3 -c -fmessage-length=0 -MT"src/main.o" -I../../Traffic_Light_bsp/microblaze_0/include -mlittle-endian -mcpu=v9.5 -mxl-soft-mul -Wl,--no-relax -MMD -MP -MF"src/main.d" -MT"src/main.d" -o "src/main.o" "../src/main.c"
Finished building: ../src/main.c
 
Building target: Traffic_Light.elf
Invoking: MicroBlaze gcc linker
mb-gcc -Wl,-T -Wl,../src/lscript.ld -L../../Traffic_Light_bsp/microblaze_0/lib -mlittle-endian -mcpu=v9.5 -mxl-soft-mul -Wl,--no-relax -o "Traffic_Light.elf"  ./src/gpio_init.o ./src/main.o ./src/platform.o ./src/seg7_display.o ./src/xinterruptES3.o   -Wl,--start-group,-lxil,-lgcc,-lc,--end-group
Finished building target: Traffic_Light.elf
 
Invoking: MicroBlaze Print Size
mb-size Traffic_Light.elf  |tee "Traffic_Light.elf.size"
   text	   data	    bss	    dec	    hex	filename
  15092	    696	   2548	  18336	   47a0	Traffic_Light.elf
Finished building: Traffic_Light.elf.size
 
09:53:52 **** Auto Build of configuration Debug for project Traffic_Light ****
make all 
Building file: ../src/main.c
Invoking: MicroBlaze gcc compiler
mb-gcc -Wall -O0 -g3 -c -fmessage-length=0 -MT"src/main.o" -I../../Traffic_Light_bsp/microblaze_0/include -mlittle-endian -mcpu=v9.5 -mxl-soft-mul -Wl,--no-relax -MMD -MP -MF"src/main.d" -MT"src/main.d" -o "src/main.o" "../src/main.c"
Finished building: ../src/main.c
 
Building target: Traffic_Light.elf
Invoking: MicroBlaze gcc linker
mb-gcc -Wl,-T -Wl,../src/lscript.ld -L../../Traffic_Light_bsp/microblaze_0/lib -mlittle-endian -mcpu=v9.5 -mxl-soft-mul -Wl,--no-relax -o "Traffic_Light.elf"  ./src/gpio_init.o ./src/main.o ./src/platform.o ./src/seg7_display.o ./src/xinterruptES3.o   -Wl,--start-group,-lxil,-lgcc,-lc,--end-group
Finished building target: Traffic_Light.elf
 
Invoking: MicroBlaze Print Size
mb-size Traffic_Light.elf  |tee "Traffic_Light.elf.size"
   text	   data	    bss	    dec	    hex	filename
  15092	    696	   2548	  18336	   47a0	Traffic_Light.elf
Finished building: Traffic_Light.elf.size
 
09:53:54 **** Incremental Build of configuration Debug for project Traffic_Light ****
make all 
make: Nothing to be done for `all'.
09:55:13 **** Auto Build of configuration Debug for project Traffic_Light ****
make all 
Building file: ../src/main.c
Invoking: MicroBlaze gcc compiler
mb-gcc -Wall -O0 -g3 -c -fmessage-length=0 -MT"src/main.o" -I../../Traffic_Light_bsp/microblaze_0/include -mlittle-endian -mcpu=v9.5 -mxl-soft-mul -Wl,--no-relax -MMD -MP -MF"src/main.d" -MT"src/main.d" -o "src/main.o" "../src/main.c"
Finished building: ../src/main.c
 
Building target: Traffic_Light.elf
Invoking: MicroBlaze gcc linker
mb-gcc -Wl,-T -Wl,../src/lscript.ld -L../../Traffic_Light_bsp/microblaze_0/lib -mlittle-endian -mcpu=v9.5 -mxl-soft-mul -Wl,--no-relax -o "Traffic_Light.elf"  ./src/gpio_init.o ./src/main.o ./src/platform.o ./src/seg7_display.o ./src/xinterruptES3.o   -Wl,--start-group,-lxil,-lgcc,-lc,--end-group
Finished building target: Traffic_Light.elf
 
Invoking: MicroBlaze Print Size
mb-size Traffic_Light.elf  |tee "Traffic_Light.elf.size"
   text	   data	    bss	    dec	    hex	filename
  15088	    696	   2544	  18328	   4798	Traffic_Light.elf
Finished building: Traffic_Light.elf.size
 
09:55:18 **** Incremental Build of configuration Debug for project Traffic_Light ****
make all 
make: Nothing to be done for `all'.
09:56:32 **** Auto Build of configuration Debug for project Traffic_Light ****
make all 
Building file: ../src/main.c
Invoking: MicroBlaze gcc compiler
mb-gcc -Wall -O0 -g3 -c -fmessage-length=0 -MT"src/main.o" -I../../Traffic_Light_bsp/microblaze_0/include -mlittle-endian -mcpu=v9.5 -mxl-soft-mul -Wl,--no-relax -MMD -MP -MF"src/main.d" -MT"src/main.d" -o "src/main.o" "../src/main.c"
Finished building: ../src/main.c
 
Building target: Traffic_Light.elf
Invoking: MicroBlaze gcc linker
mb-gcc -Wl,-T -Wl,../src/lscript.ld -L../../Traffic_Light_bsp/microblaze_0/lib -mlittle-endian -mcpu=v9.5 -mxl-soft-mul -Wl,--no-relax -o "Traffic_Light.elf"  ./src/gpio_init.o ./src/main.o ./src/platform.o ./src/seg7_display.o ./src/xinterruptES3.o   -Wl,--start-group,-lxil,-lgcc,-lc,--end-group
Finished building target: Traffic_Light.elf
 
Invoking: MicroBlaze Print Size
mb-size Traffic_Light.elf  |tee "Traffic_Light.elf.size"
   text	   data	    bss	    dec	    hex	filename
 104232	   2000	   2632	 108864	  1a940	Traffic_Light.elf
Finished building: Traffic_Light.elf.size
 
09:56:34 **** Incremental Build of configuration Debug for project Traffic_Light ****
make all 
make: Nothing to be done for `all'.
09:57:08 **** Incremental Build of configuration Debug for project Traffic_Light ****
make all 
make: Nothing to be done for `all'.
09:57:28 **** Incremental Build of configuration Debug for project Traffic_Light ****
make all 
make: Nothing to be done for `all'.
09:58:35 **** Auto Build of configuration Debug for project Traffic_Light ****
make all 
Building file: ../src/main.c
Invoking: MicroBlaze gcc compiler
mb-gcc -Wall -O0 -g3 -c -fmessage-length=0 -MT"src/main.o" -I../../Traffic_Light_bsp/microblaze_0/include -mlittle-endian -mcpu=v9.5 -mxl-soft-mul -Wl,--no-relax -MMD -MP -MF"src/main.d" -MT"src/main.d" -o "src/main.o" "../src/main.c"
Finished building: ../src/main.c
 
Building target: Traffic_Light.elf
Invoking: MicroBlaze gcc linker
mb-gcc -Wl,-T -Wl,../src/lscript.ld -L../../Traffic_Light_bsp/microblaze_0/lib -mlittle-endian -mcpu=v9.5 -mxl-soft-mul -Wl,--no-relax -o "Traffic_Light.elf"  ./src/gpio_init.o ./src/main.o ./src/platform.o ./src/seg7_display.o ./src/xinterruptES3.o   -Wl,--start-group,-lxil,-lgcc,-lc,--end-group
Finished building target: Traffic_Light.elf
 
Invoking: MicroBlaze Print Size
mb-size Traffic_Light.elf  |tee "Traffic_Light.elf.size"
   text	   data	    bss	    dec	    hex	filename
 104232	   2000	   2632	 108864	  1a940	Traffic_Light.elf
Finished building: Traffic_Light.elf.size
 
09:59:13 **** Auto Build of configuration Debug for project Traffic_Light ****
make all 
Building file: ../src/main.c
Invoking: MicroBlaze gcc compiler
mb-gcc -Wall -O0 -g3 -c -fmessage-length=0 -MT"src/main.o" -I../../Traffic_Light_bsp/microblaze_0/include -mlittle-endian -mcpu=v9.5 -mxl-soft-mul -Wl,--no-relax -MMD -MP -MF"src/main.d" -MT"src/main.d" -o "src/main.o" "../src/main.c"
Finished building: ../src/main.c
 
Building target: Traffic_Light.elf
Invoking: MicroBlaze gcc linker
mb-gcc -Wl,-T -Wl,../src/lscript.ld -L../../Traffic_Light_bsp/microblaze_0/lib -mlittle-endian -mcpu=v9.5 -mxl-soft-mul -Wl,--no-relax -o "Traffic_Light.elf"  ./src/gpio_init.o ./src/main.o ./src/platform.o ./src/seg7_display.o ./src/xinterruptES3.o   -Wl,--start-group,-lxil,-lgcc,-lc,--end-group
Finished building target: Traffic_Light.elf
 
Invoking: MicroBlaze Print Size
mb-size Traffic_Light.elf  |tee "Traffic_Light.elf.size"
   text	   data	    bss	    dec	    hex	filename
 104232	   2000	   2632	 108864	  1a940	Traffic_Light.elf
Finished building: Traffic_Light.elf.size
 
09:59:18 **** Incremental Build of configuration Debug for project Traffic_Light ****
make all 
make: Nothing to be done for `all'.
09:59:37 **** Incremental Build of configuration Debug for project Traffic_Light ****
make all 
make: Nothing to be done for `all'.
09:59:42 **** Auto Build of configuration Debug for project Traffic_Light ****
make all 
Building file: ../src/main.c
Invoking: MicroBlaze gcc compiler
mb-gcc -Wall -O0 -g3 -c -fmessage-length=0 -MT"src/main.o" -I../../Traffic_Light_bsp/microblaze_0/include -mlittle-endian -mcpu=v9.5 -mxl-soft-mul -Wl,--no-relax -MMD -MP -MF"src/main.d" -MT"src/main.d" -o "src/main.o" "../src/main.c"
Finished building: ../src/main.c
 
Building target: Traffic_Light.elf
Invoking: MicroBlaze gcc linker
mb-gcc -Wl,-T -Wl,../src/lscript.ld -L../../Traffic_Light_bsp/microblaze_0/lib -mlittle-endian -mcpu=v9.5 -mxl-soft-mul -Wl,--no-relax -o "Traffic_Light.elf"  ./src/gpio_init.o ./src/main.o ./src/platform.o ./src/seg7_display.o ./src/xinterruptES3.o   -Wl,--start-group,-lxil,-lgcc,-lc,--end-group
Finished building target: Traffic_Light.elf
 
Invoking: MicroBlaze Print Size
mb-size Traffic_Light.elf  |tee "Traffic_Light.elf.size"
   text	   data	    bss	    dec	    hex	filename
  15088	    696	   2544	  18328	   4798	Traffic_Light.elf
Finished building: Traffic_Light.elf.size
 
09:59:43 **** Incremental Build of configuration Debug for project Traffic_Light ****
make all 
make: Nothing to be done for `all'.
10:00:16 **** Auto Build of configuration Debug for project Traffic_Light ****
make all 
Building file: ../src/main.c
Invoking: MicroBlaze gcc compiler
mb-gcc -Wall -O0 -g3 -c -fmessage-length=0 -MT"src/main.o" -I../../Traffic_Light_bsp/microblaze_0/include -mlittle-endian -mcpu=v9.5 -mxl-soft-mul -Wl,--no-relax -MMD -MP -MF"src/main.d" -MT"src/main.d" -o "src/main.o" "../src/main.c"
Finished building: ../src/main.c
 
Building target: Traffic_Light.elf
Invoking: MicroBlaze gcc linker
mb-gcc -Wl,-T -Wl,../src/lscript.ld -L../../Traffic_Light_bsp/microblaze_0/lib -mlittle-endian -mcpu=v9.5 -mxl-soft-mul -Wl,--no-relax -o "Traffic_Light.elf"  ./src/gpio_init.o ./src/main.o ./src/platform.o ./src/seg7_display.o ./src/xinterruptES3.o   -Wl,--start-group,-lxil,-lgcc,-lc,--end-group
Finished building target: Traffic_Light.elf
 
Invoking: MicroBlaze Print Size
mb-size Traffic_Light.elf  |tee "Traffic_Light.elf.size"
   text	   data	    bss	    dec	    hex	filename
  15088	    696	   2544	  18328	   4798	Traffic_Light.elf
Finished building: Traffic_Light.elf.size
 
10:00:25 **** Incremental Build of configuration Debug for project Traffic_Light ****
make all 
make: Nothing to be done for `all'.
10:04:15 **** Auto Build of configuration Debug for project Traffic_Light ****
make all 
Building file: ../src/main.c
Invoking: MicroBlaze gcc compiler
mb-gcc -Wall -O0 -g3 -c -fmessage-length=0 -MT"src/main.o" -I../../Traffic_Light_bsp/microblaze_0/include -mlittle-endian -mcpu=v9.5 -mxl-soft-mul -Wl,--no-relax -MMD -MP -MF"src/main.d" -MT"src/main.d" -o "src/main.o" "../src/main.c"
../src/main.c: In function 'flash_ped':
../src/main.c:70:6: error: break statement not within loop or switch
      break
      ^
../src/main.c:72:5: error: expected ';' before '}' token
     }
     ^
make: *** [src/main.o] Error 1
10:04:18 **** Auto Build of configuration Debug for project Traffic_Light ****
make all 
Building file: ../src/main.c
Invoking: MicroBlaze gcc compiler
mb-gcc -Wall -O0 -g3 -c -fmessage-length=0 -MT"src/main.o" -I../../Traffic_Light_bsp/microblaze_0/include -mlittle-endian -mcpu=v9.5 -mxl-soft-mul -Wl,--no-relax -MMD -MP -MF"src/main.d" -MT"src/main.d" -o "src/main.o" "../src/main.c"
../src/main.c: In function 'flash_ped':
../src/main.c:70:6: error: break statement not within loop or switch
      break;
      ^
make: *** [src/main.o] Error 1
10:05:11 **** Auto Build of configuration Debug for project Traffic_Light ****
make all 
Building file: ../src/main.c
Invoking: MicroBlaze gcc compiler
mb-gcc -Wall -O0 -g3 -c -fmessage-length=0 -MT"src/main.o" -I../../Traffic_Light_bsp/microblaze_0/include -mlittle-endian -mcpu=v9.5 -mxl-soft-mul -Wl,--no-relax -MMD -MP -MF"src/main.d" -MT"src/main.d" -o "src/main.o" "../src/main.c"
Finished building: ../src/main.c
 
Building target: Traffic_Light.elf
Invoking: MicroBlaze gcc linker
mb-gcc -Wl,-T -Wl,../src/lscript.ld -L../../Traffic_Light_bsp/microblaze_0/lib -mlittle-endian -mcpu=v9.5 -mxl-soft-mul -Wl,--no-relax -o "Traffic_Light.elf"  ./src/gpio_init.o ./src/main.o ./src/platform.o ./src/seg7_display.o ./src/xinterruptES3.o   -Wl,--start-group,-lxil,-lgcc,-lc,--end-group
Finished building target: Traffic_Light.elf
 
Invoking: MicroBlaze Print Size
mb-size Traffic_Light.elf  |tee "Traffic_Light.elf.size"
   text	   data	    bss	    dec	    hex	filename
  15108	    696	   2548	  18352	   47b0	Traffic_Light.elf
Finished building: Traffic_Light.elf.size
 
10:05:19 **** Incremental Build of configuration Debug for project Traffic_Light ****
make all 
make: Nothing to be done for `all'.
10:06:17 **** Auto Build of configuration Debug for project Traffic_Light ****
make all 
Building file: ../src/main.c
Invoking: MicroBlaze gcc compiler
mb-gcc -Wall -O0 -g3 -c -fmessage-length=0 -MT"src/main.o" -I../../Traffic_Light_bsp/microblaze_0/include -mlittle-endian -mcpu=v9.5 -mxl-soft-mul -Wl,--no-relax -MMD -MP -MF"src/main.d" -MT"src/main.d" -o "src/main.o" "../src/main.c"
Finished building: ../src/main.c
 
Building target: Traffic_Light.elf
Invoking: MicroBlaze gcc linker
mb-gcc -Wl,-T -Wl,../src/lscript.ld -L../../Traffic_Light_bsp/microblaze_0/lib -mlittle-endian -mcpu=v9.5 -mxl-soft-mul -Wl,--no-relax -o "Traffic_Light.elf"  ./src/gpio_init.o ./src/main.o ./src/platform.o ./src/seg7_display.o ./src/xinterruptES3.o   -Wl,--start-group,-lxil,-lgcc,-lc,--end-group
Finished building target: Traffic_Light.elf
 
Invoking: MicroBlaze Print Size
mb-size Traffic_Light.elf  |tee "Traffic_Light.elf.size"
   text	   data	    bss	    dec	    hex	filename
  15164	    696	   2548	  18408	   47e8	Traffic_Light.elf
Finished building: Traffic_Light.elf.size
 
10:06:18 **** Incremental Build of configuration Debug for project Traffic_Light ****
make all 
make: Nothing to be done for `all'.
10:20:25 **** Auto Build of configuration Debug for project Traffic_Light ****
make all 
Building file: ../src/main.c
Invoking: MicroBlaze gcc compiler
mb-gcc -Wall -O0 -g3 -c -fmessage-length=0 -MT"src/main.o" -I../../Traffic_Light_bsp/microblaze_0/include -mlittle-endian -mcpu=v9.5 -mxl-soft-mul -Wl,--no-relax -MMD -MP -MF"src/main.d" -MT"src/main.d" -o "src/main.o" "../src/main.c"
Finished building: ../src/main.c
 
Building target: Traffic_Light.elf
Invoking: MicroBlaze gcc linker
mb-gcc -Wl,-T -Wl,../src/lscript.ld -L../../Traffic_Light_bsp/microblaze_0/lib -mlittle-endian -mcpu=v9.5 -mxl-soft-mul -Wl,--no-relax -o "Traffic_Light.elf"  ./src/gpio_init.o ./src/main.o ./src/platform.o ./src/seg7_display.o ./src/xinterruptES3.o   -Wl,--start-group,-lxil,-lgcc,-lc,--end-group
Finished building target: Traffic_Light.elf
 
Invoking: MicroBlaze Print Size
mb-size Traffic_Light.elf  |tee "Traffic_Light.elf.size"
   text	   data	    bss	    dec	    hex	filename
  15160	    696	   2544	  18400	   47e0	Traffic_Light.elf
Finished building: Traffic_Light.elf.size
 
10:20:27 **** Incremental Build of configuration Debug for project Traffic_Light ****
make all 
make: Nothing to be done for `all'.
10:51:53 **** Incremental Build of configuration Debug for project Traffic_Light ****
make all 
make: Nothing to be done for `all'.
10:56:21 **** Auto Build of configuration Debug for project Traffic_Light ****
make all 
Building file: ../src/main.c
Invoking: MicroBlaze gcc compiler
mb-gcc -Wall -O0 -g3 -c -fmessage-length=0 -MT"src/main.o" -I../../Traffic_Light_bsp/microblaze_0/include -mlittle-endian -mcpu=v9.5 -mxl-soft-mul -Wl,--no-relax -MMD -MP -MF"src/main.d" -MT"src/main.d" -o "src/main.o" "../src/main.c"
../src/main.c: In function 'main':
../src/main.c:183:48: error: invalid suffix "ko" on integer constant
                XGpio_DiscreteWrite(&LED_OUT,1, 1ko);
                                                ^
make: *** [src/main.o] Error 1
10:56:23 **** Incremental Build of configuration Debug for project Traffic_Light ****
make all 
Building file: ../src/main.c
Invoking: MicroBlaze gcc compiler
mb-gcc -Wall -O0 -g3 -c -fmessage-length=0 -MT"src/main.o" -I../../Traffic_Light_bsp/microblaze_0/include -mlittle-endian -mcpu=v9.5 -mxl-soft-mul -Wl,--no-relax -MMD -MP -MF"src/main.d" -MT"src/main.d" -o "src/main.o" "../src/main.c"
../src/main.c: In function 'main':
../src/main.c:183:48: error: invalid suffix "ko" on integer constant
                XGpio_DiscreteWrite(&LED_OUT,1, 1ko);
                                                ^
make: *** [src/main.o] Error 1
