20:14:17 **** Auto Build of configuration Debug for project Traffic_Light ****
make all 
Building file: ../src/main.c
Invoking: MicroBlaze gcc compiler
mb-gcc -Wall -O0 -g3 -c -fmessage-length=0 -MT"src/main.o" -I../../Traffic_Light_bsp/microblaze_0/include -mlittle-endian -mcpu=v9.5 -mxl-soft-mul -Wl,--no-relax -MMD -MP -MF"src/main.d" -MT"src/main.d" -o "src/main.o" "../src/main.c"
Finished building: ../src/main.c
 
Building target: Traffic_Light.elf
Invoking: MicroBlaze gcc linker
mb-gcc -Wl,-T -Wl,../src/lscript.ld -L../../Traffic_Light_bsp/microblaze_0/lib -mlittle-endian -mcpu=v9.5 -mxl-soft-mul -Wl,--no-relax -o "Traffic_Light.elf"  ./src/gpio_init.o ./src/main.o ./src/platform.o ./src/seg7_display.o ./src/xinterruptES3.o   -Wl,--start-group,-lxil,-lgcc,-lc,--end-group
Finished building target: Traffic_Light.elf
 
Invoking: MicroBlaze Print Size
mb-size Traffic_Light.elf  |tee "Traffic_Light.elf.size"
   text	   data	    bss	    dec	    hex	filename
  15120	    696	   2544	  18360	   47b8	Traffic_Light.elf
Finished building: Traffic_Light.elf.size
 

20:14:18 Build Finished (took 710ms)

